
My PID: 22693
From a new terminal type `kill -SIGINT 22693` or `kill -SIGTERM 22693` to stop processing packets

My ID: 1

List of resolved hosts is:
==========================
1
Human-readable IP: 127.0.0.1
Machine-readable IP: 16777343
Human-readbale Port: 11001
Machine-readbale Port: 63786

2
Human-readable IP: 127.0.0.1
Machine-readable IP: 16777343
Human-readbale Port: 11002
Machine-readbale Port: 64042

3
Human-readable IP: 127.0.0.1
Machine-readable IP: 16777343
Human-readbale Port: 11003
Machine-readbale Port: 64298


Path to output:
===============
../example/output/proc01.output

Path to config:
===============
../example/configs/lattice-agreement-1.config

Number of proposals: 10
Max proposal size: 3
Number of elements: 5

Broadcasting and delivering messages...

Waiting for messages...
Sequence buffer max latency: 3
Sequence buffer max latency: 3
Sequence buffer max latency: 3
Sequence number 4 is too far ahead. Waiting for next to deliver: 1
Delivering proposal 1: 3 94 81 14
Delivering proposal 2: 14 94 81
Sequence buffer max latency: 3
Sequence buffer max latency: 3
Sequence number 6 is too far ahead. Waiting for next to deliver: 3
Delivering proposal 3: 94 81 35 3
Sequence buffer max latency: 3
Sequence number 7 is too far ahead. Waiting for next to deliver: 4
Delivering proposal 4: 3 81 35
Delivering proposal 5: 3 35 14
Sequence buffer max latency: 3
Sequence buffer max latency: 3
Sequence number 9 is too far ahead. Waiting for next to deliver: 6
Delivering proposal 6: 14 3 81 35 94
Delivering proposal 7: 94 35 14 81 3
Sequence buffer max latency: 3
Sequence buffer max latency: 3
Delivering proposal 8: 14 3 94 35 81
Delivering proposal 9: 94 3 35 81
Delivering proposal 10: 3 14
