b 1
b 2
b 3
b 4
b 5
b 6
b 7
b 8
b 9
b 10
b 11
b 12
b 13
b 14
b 15
b 16
b 17
b 18
b 19
b 20
b 21
b 22
b 23
b 24
b 25
b 26
b 27
b 28
b 29
b 30
b 31
b 32
b 33
b 34
b 35
b 36
b 37
b 38
b 39
b 40
b 41
b 42
b 43
b 44
b 45
b 46
b 47
b 48
b 49
b 50
b 51
b 52
b 53
b 54
b 55
b 56
b 57
b 58
b 59
b 60
b 61
b 62
b 63
b 64
b 65
b 66
b 67
b 68
b 69
b 70
b 71
b 72
b 73
b 74
b 75
b 76
b 77
b 78
b 79
b 80
b 81
b 82
b 83
b 84
b 85
b 86
b 87
b 88
b 89
b 90
b 91
b 92
b 93
b 94
b 95
b 96
b 97
b 98
b 99
b 100
b 101
b 102
b 103
b 104
b 105
b 106
b 107
b 108
b 109
b 110
b 111
b 112
b 113
b 114
b 115
b 116
b 117
b 118
b 119
b 120
b 121
b 122
b 123
b 124
b 125
b 126
b 127
b 128
b 129
b 130
b 131
b 132
b 133
b 134
b 135
b 136
b 137
b 138
b 139
b 140
b 141
b 142
b 143
b 144
b 145
b 146
b 147
b 148
b 149
b 150
b 151
b 152
b 153
b 154
b 155
b 156
b 157
b 158
b 159
b 160
b 161
b 162
b 163
b 164
b 165
b 166
b 167
b 168
b 169
b 170
b 171
b 172
b 173
b 174
b 175
b 176
b 177
b 178
b 179
b 180
b 181
b 182
b 183
b 184
b 185
b 186
b 187
b 188
b 189
b 190
b 191
b 192
b 193
b 194
b 195
b 196
b 197
b 198
b 199
b 200
b 201
b 202
b 203
b 204
b 205
b 206
b 207
b 208
b 209
b 210
b 211
b 212
b 213
b 214
b 215
b 216
b 217
b 218
b 219
b 220
b 221
b 222
b 223
b 224
b 225
b 226
b 227
b 228
b 229
b 230
b 231
b 232
b 233
b 234
b 235
b 236
b 237
b 238
b 239
b 240
b 241
b 242
b 243
b 244
b 245
b 246
b 247
b 248
b 249
b 250
b 251
b 252
b 253
b 254
b 255
b 256
b 257
b 258
b 259
b 260
b 261
b 262
b 263
b 264
b 265
b 266
b 267
b 268
b 269
b 270
b 271
b 272
b 273
b 274
b 275
b 276
b 277
b 278
b 279
b 280
b 281
b 282
b 283
b 284
b 285
b 286
b 287
b 288
b 289
b 290
b 291
b 292
b 293
b 294
b 295
b 296
b 297
b 298
b 299
b 300
b 301
b 302
b 303
b 304
b 305
b 306
b 307
b 308
b 309
b 310
b 311
b 312
b 313
b 314
b 315
b 316
b 317
b 318
b 319
b 320
b 321
b 322
b 323
b 324
b 325
b 326
b 327
b 328
b 329
b 330
b 331
b 332
b 333
b 334
b 335
b 336
b 337
b 338
b 339
b 340
b 341
b 342
b 343
b 344
b 345
b 346
b 347
b 348
b 349
b 350
b 351
b 352
b 353
b 354
b 355
b 356
b 357
b 358
b 359
b 360
b 361
b 362
b 363
b 364
b 365
b 366
b 367
b 368
b 369
b 370
b 371
b 372
b 373
b 374
b 375
b 376
b 377
b 378
b 379
b 380
b 381
b 382
b 383
b 384
b 385
b 386
b 387
b 388
b 389
b 390
b 391
b 392
b 393
b 394
b 395
b 396
b 397
b 398
b 399
b 400
b 401
b 402
b 403
b 404
b 405
b 406
b 407
b 408
b 409
b 410
b 411
b 412
b 413
b 414
b 415
b 416
b 417
b 418
b 419
b 420
b 421
b 422
b 423
b 424
b 425
b 426
b 427
b 428
b 429
b 430
b 431
b 432
b 433
b 434
b 435
b 436
b 437
b 438
b 439
b 440
b 441
b 442
b 443
b 444
b 445
b 446
b 447
b 448
b 449
b 450
b 451
b 452
b 453
b 454
b 455
b 456
b 457
b 458
b 459
b 460
b 461
b 462
b 463
b 464
b 465
b 466
b 467
b 468
b 469
b 470
b 471
b 472
b 473
b 474
b 475
b 476
b 477
b 478
b 479
b 480
b 481
b 482
b 483
b 484
b 485
b 486
b 487
b 488
b 489
b 490
b 491
b 492
b 493
b 494
b 495
b 496
b 497
b 498
b 499
b 500
b 501
b 502
b 503
b 504
b 505
b 506
b 507
b 508
b 509
b 510
b 511
b 512
b 513
b 514
b 515
b 516
b 517
b 518
b 519
b 520
b 521
b 522
b 523
b 524
b 525
b 526
b 527
b 528
b 529
b 530
b 531
b 532
b 533
b 534
b 535
b 536
b 537
b 538
b 539
b 540
b 541
b 542
b 543
b 544
b 545
b 546
b 547
b 548
b 549
b 550
b 551
b 552
b 553
b 554
b 555
b 556
b 557
b 558
b 559
b 560
b 561
b 562
b 563
b 564
b 565
b 566
b 567
b 568
b 569
b 570
b 571
b 572
b 573
b 574
b 575
b 576
b 577
b 578
b 579
b 580
b 581
b 582
b 583
b 584
b 585
b 586
b 587
b 588
b 589
b 590
b 591
b 592
b 593
b 594
b 595
b 596
b 597
b 598
b 599
b 600
b 601
b 602
b 603
b 604
b 605
b 606
b 607
b 608
b 609
b 610
b 611
b 612
b 613
b 614
b 615
b 616
b 617
b 618
b 619
b 620
b 621
b 622
b 623
b 624
b 625
b 626
b 627
b 628
b 629
b 630
b 631
b 632
b 633
b 634
b 635
b 636
b 637
b 638
b 639
b 640
b 641
b 642
b 643
b 644
b 645
b 646
b 647
b 648
b 649
b 650
b 651
b 652
b 653
b 654
b 655
b 656
b 657
b 658
b 659
b 660
b 661
b 662
b 663
b 664
b 665
b 666
b 667
b 668
b 669
b 670
b 671
b 672
b 673
b 674
b 675
b 676
b 677
b 678
b 679
b 680
b 681
b 682
b 683
b 684
b 685
b 686
b 687
b 688
b 689
b 690
b 691
b 692
b 693
b 694
b 695
b 696
b 697
b 698
b 699
b 700
b 701
b 702
b 703
b 704
b 705
b 706
b 707
b 708
b 709
b 710
b 711
b 712
b 713
b 714
b 715
b 716
b 717
b 718
b 719
b 720
b 721
b 722
b 723
b 724
b 725
b 726
b 727
b 728
b 729
b 730
b 731
b 732
b 733
b 734
b 735
b 736
b 737
b 738
b 739
b 740
b 741
b 742
b 743
b 744
b 745
b 746
b 747
b 748
b 749
b 750
b 751
b 752
b 753
b 754
b 755
b 756
b 757
b 758
b 759
b 760
b 761
b 762
b 763
b 764
b 765
b 766
b 767
b 768
b 769
b 770
b 771
b 772
b 773
b 774
b 775
b 776
b 777
b 778
b 779
b 780
b 781
b 782
b 783
b 784
b 785
b 786
b 787
b 788
b 789
b 790
b 791
b 792
b 793
b 794
b 795
b 796
b 797
b 798
b 799
b 800
b 801
b 802
b 803
b 804
b 805
b 806
b 807
b 808
b 809
b 810
b 811
b 812
b 813
b 814
b 815
b 816
d 2 1
d 2 2
d 2 3
d 2 4
d 2 5
d 2 6
d 2 7
d 2 8
b 817
b 818
b 819
b 820
b 821
b 822
b 823
b 824
d 2 9
d 2 10
d 2 11
d 2 12
d 2 13
d 2 14
d 2 15
d 2 16
b 825
b 826
b 827
b 828
b 829
b 830
b 831
b 832
d 2 17
d 2 18
d 2 19
d 2 20
d 2 21
d 2 22
d 2 23
d 2 24
b 833
b 834
b 835
b 836
b 837
b 838
b 839
b 840
d 2 25
d 2 26
d 2 27
d 2 28
d 2 29
d 2 30
d 2 31
d 2 32
d 2 33
d 2 34
d 2 35
d 2 36
d 2 37
d 2 38
d 2 39
d 2 40
d 2 41
d 2 42
d 2 43
d 2 44
d 2 45
d 2 46
d 2 47
d 2 48
b 841
b 842
b 843
b 844
b 845
b 846
b 847
b 848
b 849
b 850
b 851
b 852
b 853
b 854
b 855
b 856
b 857
b 858
b 859
b 860
b 861
b 862
b 863
b 864
d 2 49
d 2 50
d 2 51
d 2 52
d 2 53
d 2 54
d 2 55
d 2 56
d 2 57
d 2 58
d 2 59
d 2 60
d 2 61
d 2 62
d 2 63
d 2 64
d 2 65
d 2 66
d 2 67
d 2 68
d 2 69
d 2 70
d 2 71
d 2 72
b 865
b 866
b 867
b 868
b 869
b 870
b 871
b 872
b 873
b 874
b 875
b 876
b 877
b 878
b 879
b 880
b 881
b 882
b 883
b 884
b 885
b 886
b 887
b 888
d 2 73
d 2 74
d 2 75
d 2 76
d 2 77
d 2 78
d 2 79
d 2 80
d 2 81
d 2 82
d 2 83
d 2 84
d 2 85
d 2 86
d 2 87
d 2 88
d 2 89
d 2 90
d 2 91
d 2 92
d 2 93
d 2 94
d 2 95
d 2 96
d 2 97
d 2 98
d 2 99
d 2 100
d 2 101
d 2 102
d 2 103
d 2 104
d 2 105
d 2 106
d 2 107
d 2 108
d 2 109
d 2 110
d 2 111
d 2 112
d 2 113
d 2 114
d 2 115
d 2 116
d 2 117
d 2 118
d 2 119
d 2 120
d 2 121
d 2 122
d 2 123
d 2 124
d 2 125
d 2 126
d 2 127
d 2 128
d 2 129
d 2 130
d 2 131
d 2 132
d 2 133
d 2 134
d 2 135
d 2 136
d 2 137
d 2 138
d 2 139
d 2 140
d 2 141
d 2 142
d 2 143
d 2 144
d 2 145
d 2 146
d 2 147
d 2 148
d 2 149
d 2 150
d 2 151
d 2 152
d 2 153
d 2 154
d 2 155
d 2 156
d 2 157
d 2 158
d 2 159
d 2 160
d 2 161
d 2 162
d 2 163
d 2 164
d 2 165
d 2 166
d 2 167
d 2 168
d 2 169
d 2 170
d 2 171
d 2 172
d 2 173
d 2 174
d 2 175
d 2 176
d 2 177
d 2 178
d 2 179
d 2 180
d 2 181
d 2 182
d 2 183
d 2 184
d 2 185
d 2 186
d 2 187
d 2 188
d 2 189
d 2 190
d 2 191
d 2 192
d 2 193
d 2 194
d 2 195
d 2 196
d 2 197
d 2 198
d 2 199
d 2 200
d 2 201
d 2 202
d 2 203
d 2 204
d 2 205
d 2 206
d 2 207
d 2 208
d 2 209
d 2 210
d 2 211
d 2 212
d 2 213
d 2 214
d 2 215
d 2 216
d 2 217
d 2 218
d 2 219
d 2 220
d 2 221
d 2 222
d 2 223
d 2 224
d 2 225
d 2 226
d 2 227
d 2 228
d 2 229
d 2 230
d 2 231
d 2 232
d 2 233
d 2 234
d 2 235
d 2 236
d 2 237
d 2 238
d 2 239
d 2 240
d 2 241
d 2 242
d 2 243
d 2 244
d 2 245
d 2 246
d 2 247
d 2 248
d 2 249
d 2 250
d 2 251
d 2 252
d 2 253
d 2 254
d 2 255
d 2 256
b 889
b 890
b 891
b 892
b 893
b 894
b 895
b 896
b 897
b 898
b 899
b 900
b 901
b 902
b 903
b 904
b 905
b 906
b 907
b 908
b 909
b 910
b 911
b 912
b 913
b 914
b 915
b 916
b 917
b 918
b 919
b 920
b 921
b 922
b 923
b 924
b 925
b 926
b 927
b 928
b 929
b 930
b 931
b 932
b 933
b 934
b 935
b 936
b 937
b 938
b 939
b 940
b 941
b 942
b 943
b 944
b 945
b 946
b 947
b 948
b 949
b 950
b 951
b 952
b 953
b 954
b 955
b 956
b 957
b 958
b 959
b 960
b 961
b 962
b 963
b 964
b 965
b 966
b 967
b 968
b 969
b 970
b 971
b 972
b 973
b 974
b 975
b 976
b 977
b 978
b 979
b 980
b 981
b 982
b 983
b 984
b 985
b 986
b 987
b 988
b 989
b 990
b 991
b 992
b 993
b 994
b 995
b 996
b 997
b 998
b 999
b 1000
b 1001
b 1002
b 1003
b 1004
b 1005
b 1006
b 1007
b 1008
b 1009
b 1010
b 1011
b 1012
b 1013
b 1014
b 1015
b 1016
b 1017
b 1018
b 1019
b 1020
b 1021
b 1022
b 1023
b 1024
b 1025
b 1026
b 1027
b 1028
b 1029
b 1030
b 1031
b 1032
b 1033
b 1034
b 1035
b 1036
b 1037
b 1038
b 1039
b 1040
b 1041
b 1042
b 1043
b 1044
b 1045
b 1046
b 1047
b 1048
b 1049
b 1050
b 1051
b 1052
b 1053
b 1054
b 1055
b 1056
b 1057
b 1058
b 1059
b 1060
b 1061
b 1062
b 1063
b 1064
b 1065
b 1066
b 1067
b 1068
b 1069
b 1070
b 1071
b 1072
d 2 257
d 2 258
d 2 259
d 2 260
d 2 261
d 2 262
d 2 263
d 2 264
d 2 265
d 2 266
d 2 267
d 2 268
d 2 269
d 2 270
d 2 271
d 2 272
d 2 273
d 2 274
d 2 275
d 2 276
d 2 277
d 2 278
d 2 279
d 2 280
d 2 281
d 2 282
d 2 283
d 2 284
d 2 285
d 2 286
d 2 287
d 2 288
d 2 289
d 2 290
d 2 291
d 2 292
d 2 293
d 2 294
d 2 295
d 2 296
d 2 297
d 2 298
d 2 299
d 2 300
d 2 301
d 2 302
d 2 303
d 2 304
d 2 305
d 2 306
d 2 307
d 2 308
d 2 309
d 2 310
d 2 311
d 2 312
d 2 313
d 2 314
d 2 315
d 2 316
d 2 317
d 2 318
d 2 319
d 2 320
d 2 321
d 2 322
d 2 323
d 2 324
d 2 325
d 2 326
d 2 327
d 2 328
d 2 329
d 2 330
d 2 331
d 2 332
d 2 333
d 2 334
d 2 335
d 2 336
d 2 337
d 2 338
d 2 339
d 2 340
d 2 341
d 2 342
d 2 343
d 2 344
d 2 345
d 2 346
d 2 347
d 2 348
d 2 349
d 2 350
d 2 351
d 2 352
d 2 353
d 2 354
d 2 355
d 2 356
d 2 357
d 2 358
d 2 359
d 2 360
d 2 361
d 2 362
d 2 363
d 2 364
d 2 365
d 2 366
d 2 367
d 2 368
d 2 369
d 2 370
d 2 371
d 2 372
d 2 373
d 2 374
d 2 375
d 2 376
d 2 377
d 2 378
d 2 379
d 2 380
d 2 381
d 2 382
d 2 383
d 2 384
d 2 385
d 2 386
d 2 387
d 2 388
d 2 389
d 2 390
d 2 391
d 2 392
d 2 393
d 2 394
d 2 395
d 2 396
d 2 397
d 2 398
d 2 399
d 2 400
d 2 401
d 2 402
d 2 403
d 2 404
d 2 405
d 2 406
d 2 407
d 2 408
b 1073
b 1074
b 1075
b 1076
b 1077
b 1078
b 1079
b 1080
b 1081
b 1082
b 1083
b 1084
b 1085
b 1086
b 1087
b 1088
b 1089
b 1090
b 1091
b 1092
b 1093
b 1094
b 1095
b 1096
b 1097
b 1098
b 1099
b 1100
b 1101
b 1102
b 1103
b 1104
b 1105
b 1106
b 1107
b 1108
b 1109
b 1110
b 1111
b 1112
b 1113
b 1114
b 1115
b 1116
b 1117
b 1118
b 1119
b 1120
b 1121
b 1122
b 1123
b 1124
b 1125
b 1126
b 1127
b 1128
b 1129
b 1130
b 1131
b 1132
b 1133
b 1134
b 1135
b 1136
b 1137
b 1138
b 1139
b 1140
b 1141
b 1142
b 1143
b 1144
b 1145
b 1146
b 1147
b 1148
b 1149
b 1150
b 1151
b 1152
b 1153
b 1154
b 1155
b 1156
b 1157
b 1158
b 1159
b 1160
b 1161
b 1162
b 1163
b 1164
b 1165
b 1166
b 1167
b 1168
b 1169
b 1170
b 1171
b 1172
b 1173
b 1174
b 1175
b 1176
b 1177
b 1178
b 1179
b 1180
b 1181
b 1182
b 1183
b 1184
b 1185
b 1186
b 1187
b 1188
b 1189
b 1190
b 1191
b 1192
b 1193
b 1194
b 1195
b 1196
b 1197
b 1198
b 1199
b 1200
b 1201
b 1202
b 1203
b 1204
b 1205
b 1206
b 1207
b 1208
b 1209
b 1210
b 1211
b 1212
b 1213
b 1214
b 1215
b 1216
b 1217
b 1218
b 1219
b 1220
b 1221
b 1222
b 1223
b 1224
d 2 409
d 2 410
d 2 411
d 2 412
d 2 413
d 2 414
d 2 415
d 2 416
d 2 417
d 2 418
d 2 419
d 2 420
d 2 421
d 2 422
d 2 423
d 2 424
d 2 425
d 2 426
d 2 427
d 2 428
d 2 429
d 2 430
d 2 431
d 2 432
d 2 433
d 2 434
d 2 435
d 2 436
d 2 437
d 2 438
d 2 439
d 2 440
d 2 441
d 2 442
d 2 443
d 2 444
d 2 445
d 2 446
d 2 447
d 2 448
d 2 449
d 2 450
d 2 451
d 2 452
d 2 453
d 2 454
d 2 455
d 2 456
d 2 457
d 2 458
d 2 459
d 2 460
d 2 461
d 2 462
d 2 463
d 2 464
d 2 465
d 2 466
d 2 467
d 2 468
d 2 469
d 2 470
d 2 471
d 2 472
d 2 473
d 2 474
d 2 475
d 2 476
d 2 477
d 2 478
d 2 479
d 2 480
d 2 481
d 2 482
d 2 483
d 2 484
d 2 485
d 2 486
d 2 487
d 2 488
d 2 489
d 2 490
d 2 491
d 2 492
d 2 493
d 2 494
d 2 495
d 2 496
d 2 497
d 2 498
d 2 499
d 2 500
d 2 501
d 2 502
d 2 503
d 2 504
d 2 505
d 2 506
d 2 507
d 2 508
d 2 509
d 2 510
d 2 511
d 2 512
d 2 513
d 2 514
d 2 515
d 2 516
d 2 517
d 2 518
d 2 519
d 2 520
d 2 521
d 2 522
d 2 523
d 2 524
d 2 525
d 2 526
d 2 527
d 2 528
d 2 529
d 2 530
d 2 531
d 2 532
d 2 533
d 2 534
d 2 535
d 2 536
d 2 537
d 2 538
d 2 539
d 2 540
d 2 541
d 2 542
d 2 543
d 2 544
d 2 545
d 2 546
d 2 547
d 2 548
d 2 549
d 2 550
d 2 551
d 2 552
d 2 553
d 2 554
d 2 555
d 2 556
d 2 557
d 2 558
d 2 559
d 2 560
d 2 561
d 2 562
d 2 563
d 2 564
d 2 565
d 2 566
d 2 567
d 2 568
d 2 569
d 2 570
d 2 571
d 2 572
d 2 573
d 2 574
d 2 575
d 2 576
d 2 577
d 2 578
d 2 579
d 2 580
d 2 581
d 2 582
d 2 583
d 2 584
d 2 585
d 2 586
d 2 587
d 2 588
d 2 589
d 2 590
d 2 591
d 2 592
d 2 593
d 2 594
d 2 595
d 2 596
d 2 597
d 2 598
d 2 599
d 2 600
d 2 601
d 2 602
d 2 603
d 2 604
d 2 605
d 2 606
d 2 607
d 2 608
d 2 609
d 2 610
d 2 611
d 2 612
d 2 613
d 2 614
d 2 615
d 2 616
d 2 617
d 2 618
d 2 619
d 2 620
d 2 621
d 2 622
d 2 623
d 2 624
d 2 625
d 2 626
d 2 627
d 2 628
d 2 629
d 2 630
d 2 631
d 2 632
d 2 633
d 2 634
d 2 635
d 2 636
d 2 637
d 2 638
d 2 639
d 2 640
d 2 641
d 2 642
d 2 643
d 2 644
d 2 645
d 2 646
d 2 647
d 2 648
d 2 649
d 2 650
d 2 651
d 2 652
d 2 653
d 2 654
d 2 655
d 2 656
d 2 657
d 2 658
d 2 659
d 2 660
d 2 661
d 2 662
d 2 663
d 2 664
d 2 665
d 2 666
d 2 667
d 2 668
d 2 669
d 2 670
d 2 671
d 2 672
d 2 673
d 2 674
d 2 675
d 2 676
d 2 677
d 2 678
d 2 679
d 2 680
d 2 681
d 2 682
d 2 683
d 2 684
d 2 685
d 2 686
d 2 687
d 2 688
d 2 689
d 2 690
d 2 691
d 2 692
d 2 693
d 2 694
d 2 695
d 2 696
d 2 697
d 2 698
d 2 699
d 2 700
d 2 701
d 2 702
d 2 703
d 2 704
d 2 705
d 2 706
d 2 707
d 2 708
d 2 709
d 2 710
d 2 711
d 2 712
d 2 713
d 2 714
d 2 715
d 2 716
d 2 717
d 2 718
d 2 719
d 2 720
d 2 721
d 2 722
d 2 723
d 2 724
d 2 725
d 2 726
d 2 727
d 2 728
d 2 729
d 2 730
d 2 731
d 2 732
d 2 733
d 2 734
d 2 735
d 2 736
d 2 737
d 2 738
d 2 739
d 2 740
d 2 741
d 2 742
d 2 743
d 2 744
d 2 745
d 2 746
d 2 747
d 2 748
d 2 749
d 2 750
d 2 751
d 2 752
d 2 753
d 2 754
d 2 755
d 2 756
d 2 757
d 2 758
d 2 759
d 2 760
d 2 761
d 2 762
d 2 763
d 2 764
d 2 765
d 2 766
d 2 767
d 2 768
d 2 769
d 2 770
d 2 771
d 2 772
d 2 773
d 2 774
d 2 775
d 2 776
d 2 777
d 2 778
d 2 779
d 2 780
d 2 781
d 2 782
d 2 783
d 2 784
d 2 785
d 2 786
d 2 787
d 2 788
d 2 789
d 2 790
d 2 791
d 2 792
d 2 793
d 2 794
d 2 795
d 2 796
d 2 797
d 2 798
d 2 799
d 2 800
d 2 801
d 2 802
d 2 803
d 2 804
d 2 805
d 2 806
d 2 807
d 2 808
d 2 809
d 2 810
d 2 811
d 2 812
d 2 813
d 2 814
d 2 815
d 2 816
d 2 817
d 2 818
d 2 819
d 2 820
d 2 821
d 2 822
d 2 823
d 2 824
d 2 825
d 2 826
d 2 827
d 2 828
d 2 829
d 2 830
d 2 831
d 2 832
d 2 833
d 2 834
d 2 835
d 2 836
d 2 837
d 2 838
d 2 839
d 2 840
d 2 841
d 2 842
d 2 843
d 2 844
d 2 845
d 2 846
d 2 847
d 2 848
d 2 849
d 2 850
d 2 851
d 2 852
d 2 853
d 2 854
d 2 855
d 2 856
d 2 857
d 2 858
d 2 859
d 2 860
d 2 861
d 2 862
d 2 863
d 2 864
b 1225
b 1226
b 1227
b 1228
b 1229
b 1230
b 1231
b 1232
b 1233
b 1234
b 1235
b 1236
b 1237
b 1238
b 1239
b 1240
b 1241
b 1242
b 1243
b 1244
b 1245
b 1246
b 1247
b 1248
b 1249
b 1250
b 1251
b 1252
b 1253
b 1254
b 1255
b 1256
b 1257
b 1258
b 1259
b 1260
b 1261
b 1262
b 1263
b 1264
b 1265
b 1266
b 1267
b 1268
b 1269
b 1270
b 1271
b 1272
b 1273
b 1274
b 1275
b 1276
b 1277
b 1278
b 1279
b 1280
b 1281
b 1282
b 1283
b 1284
b 1285
b 1286
b 1287
b 1288
b 1289
b 1290
b 1291
b 1292
b 1293
b 1294
b 1295
b 1296
b 1297
b 1298
b 1299
b 1300
b 1301
b 1302
b 1303
b 1304
b 1305
b 1306
b 1307
b 1308
b 1309
b 1310
b 1311
b 1312
b 1313
b 1314
b 1315
b 1316
b 1317
b 1318
b 1319
b 1320
b 1321
b 1322
b 1323
b 1324
b 1325
b 1326
b 1327
b 1328
b 1329
b 1330
b 1331
b 1332
b 1333
b 1334
b 1335
b 1336
b 1337
b 1338
b 1339
b 1340
b 1341
b 1342
b 1343
b 1344
b 1345
b 1346
b 1347
b 1348
b 1349
b 1350
b 1351
b 1352
b 1353
b 1354
b 1355
b 1356
b 1357
b 1358
b 1359
b 1360
b 1361
b 1362
b 1363
b 1364
b 1365
b 1366
b 1367
b 1368
b 1369
b 1370
b 1371
b 1372
b 1373
b 1374
b 1375
b 1376
b 1377
b 1378
b 1379
b 1380
b 1381
b 1382
b 1383
b 1384
b 1385
b 1386
b 1387
b 1388
b 1389
b 1390
b 1391
b 1392
b 1393
b 1394
b 1395
b 1396
b 1397
b 1398
b 1399
b 1400
b 1401
b 1402
b 1403
b 1404
b 1405
b 1406
b 1407
b 1408
b 1409
b 1410
b 1411
b 1412
b 1413
b 1414
b 1415
b 1416
b 1417
b 1418
b 1419
b 1420
b 1421
b 1422
b 1423
b 1424
b 1425
b 1426
b 1427
b 1428
b 1429
b 1430
b 1431
b 1432
b 1433
b 1434
b 1435
b 1436
b 1437
b 1438
b 1439
b 1440
b 1441
b 1442
b 1443
b 1444
b 1445
b 1446
b 1447
b 1448
b 1449
b 1450
b 1451
b 1452
b 1453
b 1454
b 1455
b 1456
b 1457
b 1458
b 1459
b 1460
b 1461
b 1462
b 1463
b 1464
b 1465
b 1466
b 1467
b 1468
b 1469
b 1470
b 1471
b 1472
b 1473
b 1474
b 1475
b 1476
b 1477
b 1478
b 1479
b 1480
b 1481
b 1482
b 1483
b 1484
b 1485
b 1486
b 1487
b 1488
b 1489
b 1490
b 1491
b 1492
b 1493
b 1494
b 1495
b 1496
b 1497
b 1498
b 1499
b 1500
b 1501
b 1502
b 1503
b 1504
b 1505
b 1506
b 1507
b 1508
b 1509
b 1510
b 1511
b 1512
b 1513
b 1514
b 1515
b 1516
b 1517
b 1518
b 1519
b 1520
b 1521
b 1522
b 1523
b 1524
b 1525
b 1526
b 1527
b 1528
b 1529
b 1530
b 1531
b 1532
b 1533
b 1534
b 1535
b 1536
b 1537
b 1538
b 1539
b 1540
b 1541
b 1542
b 1543
b 1544
b 1545
b 1546
b 1547
b 1548
b 1549
b 1550
b 1551
b 1552
b 1553
b 1554
b 1555
b 1556
b 1557
b 1558
b 1559
b 1560
b 1561
b 1562
b 1563
b 1564
b 1565
b 1566
b 1567
b 1568
b 1569
b 1570
b 1571
b 1572
b 1573
b 1574
b 1575
b 1576
b 1577
b 1578
b 1579
b 1580
b 1581
b 1582
b 1583
b 1584
b 1585
b 1586
b 1587
b 1588
b 1589
b 1590
b 1591
b 1592
b 1593
b 1594
b 1595
b 1596
b 1597
b 1598
b 1599
b 1600
b 1601
b 1602
b 1603
b 1604
b 1605
b 1606
b 1607
b 1608
b 1609
b 1610
b 1611
b 1612
b 1613
b 1614
b 1615
b 1616
b 1617
b 1618
b 1619
b 1620
b 1621
b 1622
b 1623
b 1624
b 1625
b 1626
b 1627
b 1628
b 1629
b 1630
b 1631
b 1632
b 1633
b 1634
b 1635
b 1636
b 1637
b 1638
b 1639
b 1640
b 1641
b 1642
b 1643
b 1644
b 1645
b 1646
b 1647
b 1648
b 1649
b 1650
b 1651
b 1652
b 1653
b 1654
b 1655
b 1656
b 1657
b 1658
b 1659
b 1660
b 1661
b 1662
b 1663
b 1664
b 1665
b 1666
b 1667
b 1668
b 1669
b 1670
b 1671
b 1672
b 1673
b 1674
b 1675
b 1676
b 1677
b 1678
b 1679
b 1680
d 2 865
d 2 866
d 2 867
d 2 868
d 2 869
d 2 870
d 2 871
d 2 872
d 2 873
d 2 874
d 2 875
d 2 876
d 2 877
d 2 878
d 2 879
d 2 880
d 2 881
d 2 882
d 2 883
d 2 884
d 2 885
d 2 886
d 2 887
d 2 888
d 2 889
d 2 890
d 2 891
d 2 892
d 2 893
d 2 894
d 2 895
d 2 896
d 2 897
d 2 898
d 2 899
d 2 900
d 2 901
d 2 902
d 2 903
d 2 904
b 1681
b 1682
b 1683
b 1684
b 1685
b 1686
b 1687
b 1688
b 1689
b 1690
b 1691
b 1692
b 1693
b 1694
b 1695
b 1696
b 1697
b 1698
b 1699
b 1700
b 1701
b 1702
b 1703
b 1704
b 1705
b 1706
b 1707
b 1708
b 1709
b 1710
b 1711
b 1712
b 1713
b 1714
b 1715
b 1716
b 1717
b 1718
b 1719
b 1720
d 3 1
d 3 2
d 3 3
d 3 4
d 3 5
d 3 6
d 3 7
d 3 8
d 2 905
d 2 906
d 2 907
d 2 908
d 2 909
d 2 910
d 2 911
d 2 912
d 2 913
d 2 914
d 2 915
d 2 916
d 2 917
d 2 918
d 2 919
d 2 920
d 2 921
d 2 922
d 2 923
d 2 924
d 2 925
d 2 926
d 2 927
d 2 928
d 2 929
d 2 930
d 2 931
d 2 932
d 2 933
d 2 934
d 2 935
d 2 936
d 2 937
d 2 938
d 2 939
d 2 940
d 2 941
d 2 942
d 2 943
d 2 944
d 2 945
d 2 946
d 2 947
d 2 948
d 2 949
d 2 950
d 2 951
d 2 952
d 2 953
d 2 954
d 2 955
d 2 956
d 2 957
d 2 958
d 2 959
d 2 960
d 2 961
d 2 962
d 2 963
d 2 964
d 2 965
d 2 966
d 2 967
d 2 968
d 2 969
d 2 970
d 2 971
d 2 972
d 2 973
d 2 974
d 2 975
d 2 976
d 2 977
d 2 978
d 2 979
d 2 980
d 2 981
d 2 982
d 2 983
d 2 984
d 2 985
d 2 986
d 2 987
d 2 988
d 2 989
d 2 990
d 2 991
d 2 992
d 2 993
d 2 994
d 2 995
d 2 996
d 2 997
d 2 998
d 2 999
d 2 1000
d 2 1001
d 2 1002
d 2 1003
d 2 1004
d 2 1005
d 2 1006
d 2 1007
d 2 1008
d 2 1009
d 2 1010
d 2 1011
d 2 1012
d 2 1013
d 2 1014
d 2 1015
d 2 1016
d 2 1017
d 2 1018
d 2 1019
d 2 1020
d 2 1021
d 2 1022
d 2 1023
d 2 1024
d 2 1025
d 2 1026
d 2 1027
d 2 1028
d 2 1029
d 2 1030
d 2 1031
d 2 1032
d 2 1033
d 2 1034
d 2 1035
d 2 1036
d 2 1037
d 2 1038
d 2 1039
d 2 1040
d 2 1041
d 2 1042
d 2 1043
d 2 1044
d 2 1045
d 2 1046
d 2 1047
d 2 1048
d 2 1049
d 2 1050
d 2 1051
d 2 1052
d 2 1053
d 2 1054
d 2 1055
d 2 1056
d 2 1057
d 2 1058
d 2 1059
d 2 1060
d 2 1061
d 2 1062
d 2 1063
d 2 1064
d 2 1065
d 2 1066
d 2 1067
d 2 1068
d 2 1069
d 2 1070
d 2 1071
d 2 1072
d 2 1073
d 2 1074
d 2 1075
d 2 1076
d 2 1077
d 2 1078
d 2 1079
d 2 1080
d 2 1081
d 2 1082
d 2 1083
d 2 1084
d 2 1085
d 2 1086
d 2 1087
d 2 1088
d 2 1089
d 2 1090
d 2 1091
d 2 1092
d 2 1093
d 2 1094
d 2 1095
d 2 1096
d 2 1097
d 2 1098
d 2 1099
d 2 1100
d 2 1101
d 2 1102
d 2 1103
d 2 1104
d 2 1105
d 2 1106
d 2 1107
d 2 1108
d 2 1109
d 2 1110
d 2 1111
d 2 1112
d 2 1113
d 2 1114
d 2 1115
d 2 1116
d 2 1117
d 2 1118
d 2 1119
d 2 1120
d 2 1121
d 2 1122
d 2 1123
d 2 1124
d 2 1125
d 2 1126
d 2 1127
d 2 1128
d 2 1129
d 2 1130
d 2 1131
d 2 1132
d 2 1133
d 2 1134
d 2 1135
d 2 1136
d 2 1137
d 2 1138
d 2 1139
d 2 1140
d 2 1141
d 2 1142
d 2 1143
d 2 1144
d 2 1145
d 2 1146
d 2 1147
d 2 1148
d 2 1149
d 2 1150
d 2 1151
d 2 1152
d 2 1153
d 2 1154
d 2 1155
d 2 1156
d 2 1157
d 2 1158
d 2 1159
d 2 1160
d 2 1161
d 2 1162
d 2 1163
d 2 1164
d 2 1165
d 2 1166
d 2 1167
d 2 1168
d 2 1169
d 2 1170
d 2 1171
d 2 1172
d 2 1173
d 2 1174
d 2 1175
d 2 1176
d 2 1177
d 2 1178
d 2 1179
d 2 1180
d 2 1181
d 2 1182
d 2 1183
d 2 1184
d 2 1185
d 2 1186
d 2 1187
d 2 1188
d 2 1189
d 2 1190
d 2 1191
d 2 1192
d 2 1193
d 2 1194
d 2 1195
d 2 1196
d 2 1197
d 2 1198
d 2 1199
d 2 1200
d 2 1201
d 2 1202
d 2 1203
d 2 1204
d 2 1205
d 2 1206
d 2 1207
d 2 1208
d 2 1209
d 2 1210
d 2 1211
d 2 1212
d 2 1213
d 2 1214
d 2 1215
d 2 1216
d 2 1217
d 2 1218
d 2 1219
d 2 1220
d 2 1221
d 2 1222
d 2 1223
d 2 1224
d 2 1225
d 2 1226
d 2 1227
d 2 1228
d 2 1229
d 2 1230
d 2 1231
d 2 1232
d 2 1233
d 2 1234
d 2 1235
d 2 1236
d 2 1237
d 2 1238
d 2 1239
d 2 1240
d 2 1241
d 2 1242
d 2 1243
d 2 1244
d 2 1245
d 2 1246
d 2 1247
d 2 1248
d 2 1249
d 2 1250
d 2 1251
d 2 1252
d 2 1253
d 2 1254
d 2 1255
d 2 1256
d 2 1257
d 2 1258
d 2 1259
d 2 1260
d 2 1261
d 2 1262
d 2 1263
d 2 1264
d 2 1265
d 2 1266
d 2 1267
d 2 1268
d 2 1269
d 2 1270
d 2 1271
d 2 1272
d 2 1273
d 2 1274
d 2 1275
d 2 1276
d 2 1277
d 2 1278
d 2 1279
d 2 1280
d 2 1281
d 2 1282
d 2 1283
d 2 1284
d 2 1285
d 2 1286
d 2 1287
d 2 1288
d 2 1289
d 2 1290
d 2 1291
d 2 1292
d 2 1293
d 2 1294
d 2 1295
d 2 1296
d 2 1297
d 2 1298
d 2 1299
d 2 1300
d 2 1301
d 2 1302
d 2 1303
d 2 1304
d 2 1305
d 2 1306
d 2 1307
d 2 1308
d 2 1309
d 2 1310
d 2 1311
d 2 1312
d 2 1313
d 2 1314
d 2 1315
d 2 1316
d 2 1317
d 2 1318
d 2 1319
d 2 1320
d 2 1321
d 2 1322
d 2 1323
d 2 1324
d 2 1325
d 2 1326
d 2 1327
d 2 1328
d 2 1329
d 2 1330
d 2 1331
d 2 1332
d 2 1333
d 2 1334
d 2 1335
d 2 1336
b 1721
b 1722
b 1723
b 1724
b 1725
b 1726
b 1727
b 1728
b 1729
b 1730
b 1731
b 1732
b 1733
b 1734
b 1735
b 1736
b 1737
b 1738
b 1739
b 1740
b 1741
b 1742
b 1743
b 1744
b 1745
b 1746
b 1747
b 1748
b 1749
b 1750
b 1751
b 1752
b 1753
b 1754
b 1755
b 1756
b 1757
b 1758
b 1759
b 1760
b 1761
b 1762
b 1763
b 1764
b 1765
b 1766
b 1767
b 1768
b 1769
b 1770
b 1771
b 1772
b 1773
b 1774
b 1775
b 1776
b 1777
b 1778
b 1779
b 1780
b 1781
b 1782
b 1783
b 1784
b 1785
b 1786
b 1787
b 1788
b 1789
b 1790
b 1791
b 1792
b 1793
b 1794
b 1795
b 1796
b 1797
b 1798
b 1799
b 1800
b 1801
b 1802
b 1803
b 1804
b 1805
b 1806
b 1807
b 1808
b 1809
b 1810
b 1811
b 1812
b 1813
b 1814
b 1815
b 1816
b 1817
b 1818
b 1819
b 1820
b 1821
b 1822
b 1823
b 1824
b 1825
b 1826
b 1827
b 1828
b 1829
b 1830
b 1831
b 1832
b 1833
b 1834
b 1835
b 1836
b 1837
b 1838
b 1839
b 1840
b 1841
b 1842
b 1843
b 1844
b 1845
b 1846
b 1847
b 1848
b 1849
b 1850
b 1851
b 1852
b 1853
b 1854
b 1855
b 1856
b 1857
b 1858
b 1859
b 1860
b 1861
b 1862
b 1863
b 1864
b 1865
b 1866
b 1867
b 1868
b 1869
b 1870
b 1871
b 1872
b 1873
b 1874
b 1875
b 1876
b 1877
b 1878
b 1879
b 1880
b 1881
b 1882
b 1883
b 1884
b 1885
b 1886
b 1887
b 1888
b 1889
b 1890
b 1891
b 1892
b 1893
b 1894
b 1895
b 1896
b 1897
b 1898
b 1899
b 1900
b 1901
b 1902
b 1903
b 1904
b 1905
b 1906
b 1907
b 1908
b 1909
b 1910
b 1911
b 1912
b 1913
b 1914
b 1915
b 1916
b 1917
b 1918
b 1919
b 1920
b 1921
b 1922
b 1923
b 1924
b 1925
b 1926
b 1927
b 1928
b 1929
b 1930
b 1931
b 1932
b 1933
b 1934
b 1935
b 1936
b 1937
b 1938
b 1939
b 1940
b 1941
b 1942
b 1943
b 1944
b 1945
b 1946
b 1947
b 1948
b 1949
b 1950
b 1951
b 1952
b 1953
b 1954
b 1955
b 1956
b 1957
b 1958
b 1959
b 1960
b 1961
b 1962
b 1963
b 1964
b 1965
b 1966
b 1967
b 1968
b 1969
b 1970
b 1971
b 1972
b 1973
b 1974
b 1975
b 1976
b 1977
b 1978
b 1979
b 1980
b 1981
b 1982
b 1983
b 1984
b 1985
b 1986
b 1987
b 1988
b 1989
b 1990
b 1991
b 1992
b 1993
b 1994
b 1995
b 1996
b 1997
b 1998
b 1999
b 2000
b 2001
b 2002
b 2003
b 2004
b 2005
b 2006
b 2007
b 2008
b 2009
b 2010
b 2011
b 2012
b 2013
b 2014
b 2015
b 2016
b 2017
b 2018
b 2019
b 2020
b 2021
b 2022
b 2023
b 2024
b 2025
b 2026
b 2027
b 2028
b 2029
b 2030
b 2031
b 2032
b 2033
b 2034
b 2035
b 2036
b 2037
b 2038
b 2039
b 2040
b 2041
b 2042
b 2043
b 2044
b 2045
b 2046
b 2047
b 2048
b 2049
b 2050
b 2051
b 2052
b 2053
b 2054
b 2055
b 2056
b 2057
b 2058
b 2059
b 2060
b 2061
b 2062
b 2063
b 2064
b 2065
b 2066
b 2067
b 2068
b 2069
b 2070
b 2071
b 2072
b 2073
b 2074
b 2075
b 2076
b 2077
b 2078
b 2079
b 2080
b 2081
b 2082
b 2083
b 2084
b 2085
b 2086
b 2087
b 2088
b 2089
b 2090
b 2091
b 2092
b 2093
b 2094
b 2095
b 2096
b 2097
b 2098
b 2099
b 2100
b 2101
b 2102
b 2103
b 2104
b 2105
b 2106
b 2107
b 2108
b 2109
b 2110
b 2111
b 2112
b 2113
b 2114
b 2115
b 2116
b 2117
b 2118
b 2119
b 2120
b 2121
b 2122
b 2123
b 2124
b 2125
b 2126
b 2127
b 2128
b 2129
b 2130
b 2131
b 2132
b 2133
b 2134
b 2135
b 2136
b 2137
b 2138
b 2139
b 2140
b 2141
b 2142
b 2143
b 2144
b 2145
b 2146
b 2147
b 2148
b 2149
b 2150
b 2151
b 2152
d 2 1337
d 2 1338
d 2 1339
d 2 1340
d 2 1341
d 2 1342
d 2 1343
d 2 1344
d 2 1345
d 2 1346
d 2 1347
d 2 1348
d 2 1349
d 2 1350
d 2 1351
d 2 1352
d 2 1353
d 2 1354
d 2 1355
d 2 1356
d 2 1357
d 2 1358
d 2 1359
d 2 1360
d 2 1361
d 2 1362
d 2 1363
d 2 1364
d 2 1365
d 2 1366
d 2 1367
d 2 1368
d 2 1369
d 2 1370
d 2 1371
d 2 1372
d 2 1373
d 2 1374
d 2 1375
d 2 1376
d 2 1377
d 2 1378
d 2 1379
d 2 1380
d 2 1381
d 2 1382
d 2 1383
d 2 1384
d 2 1385
d 2 1386
d 2 1387
d 2 1388
d 2 1389
d 2 1390
d 2 1391
d 2 1392
d 2 1393
d 2 1394
d 2 1395
d 2 1396
d 2 1397
d 2 1398
d 2 1399
d 2 1400
d 2 1401
d 2 1402
d 2 1403
d 2 1404
d 2 1405
d 2 1406
d 2 1407
d 2 1408
d 2 1409
d 2 1410
d 2 1411
d 2 1412
d 2 1413
d 2 1414
d 2 1415
d 2 1416
d 2 1417
d 2 1418
d 2 1419
d 2 1420
d 2 1421
d 2 1422
d 2 1423
d 2 1424
d 2 1425
d 2 1426
d 2 1427
d 2 1428
d 2 1429
d 2 1430
d 2 1431
d 2 1432
d 2 1433
d 2 1434
d 2 1435
d 2 1436
d 2 1437
d 2 1438
d 2 1439
d 2 1440
d 2 1441
d 2 1442
d 2 1443
d 2 1444
d 2 1445
d 2 1446
d 2 1447
d 2 1448
d 2 1449
d 2 1450
d 2 1451
d 2 1452
d 2 1453
d 2 1454
d 2 1455
d 2 1456
d 2 1457
d 2 1458
d 2 1459
d 2 1460
d 2 1461
d 2 1462
d 2 1463
d 2 1464
d 2 1465
d 2 1466
d 2 1467
d 2 1468
d 2 1469
d 2 1470
d 2 1471
d 2 1472
d 2 1473
d 2 1474
d 2 1475
d 2 1476
d 2 1477
d 2 1478
d 2 1479
d 2 1480
d 2 1481
d 2 1482
d 2 1483
d 2 1484
d 2 1485
d 2 1486
d 2 1487
d 2 1488
d 2 1489
d 2 1490
d 2 1491
d 2 1492
d 2 1493
d 2 1494
d 2 1495
d 2 1496
d 2 1497
d 2 1498
d 2 1499
d 2 1500
d 2 1501
d 2 1502
d 2 1503
d 2 1504
d 2 1505
d 2 1506
d 2 1507
d 2 1508
d 2 1509
d 2 1510
d 2 1511
d 2 1512
d 2 1513
d 2 1514
d 2 1515
d 2 1516
d 2 1517
d 2 1518
d 2 1519
d 2 1520
d 2 1521
d 2 1522
d 2 1523
d 2 1524
d 2 1525
d 2 1526
d 2 1527
d 2 1528
d 2 1529
d 2 1530
d 2 1531
d 2 1532
d 2 1533
d 2 1534
d 2 1535
d 2 1536
d 2 1537
d 2 1538
d 2 1539
d 2 1540
d 2 1541
d 2 1542
d 2 1543
d 2 1544
d 2 1545
d 2 1546
d 2 1547
d 2 1548
d 2 1549
d 2 1550
d 2 1551
d 2 1552
d 2 1553
d 2 1554
d 2 1555
d 2 1556
d 2 1557
d 2 1558
d 2 1559
d 2 1560
d 2 1561
d 2 1562
d 2 1563
d 2 1564
d 2 1565
d 2 1566
d 2 1567
d 2 1568
d 2 1569
d 2 1570
d 2 1571
d 2 1572
d 2 1573
d 2 1574
d 2 1575
d 2 1576
d 2 1577
d 2 1578
d 2 1579
d 2 1580
d 2 1581
d 2 1582
d 2 1583
d 2 1584
d 2 1585
d 2 1586
d 2 1587
d 2 1588
d 2 1589
d 2 1590
d 2 1591
d 2 1592
d 2 1593
d 2 1594
d 2 1595
d 2 1596
d 2 1597
d 2 1598
d 2 1599
d 2 1600
d 2 1601
d 2 1602
d 2 1603
d 2 1604
d 2 1605
d 2 1606
d 2 1607
d 2 1608
d 2 1609
d 2 1610
d 2 1611
d 2 1612
d 2 1613
d 2 1614
d 2 1615
d 2 1616
d 2 1617
d 2 1618
d 2 1619
d 2 1620
d 2 1621
d 2 1622
d 2 1623
d 2 1624
d 2 1625
d 2 1626
d 2 1627
d 2 1628
d 2 1629
d 2 1630
d 2 1631
d 2 1632
d 2 1633
d 2 1634
d 2 1635
d 2 1636
d 2 1637
d 2 1638
d 2 1639
d 2 1640
d 2 1641
d 2 1642
d 2 1643
d 2 1644
d 2 1645
d 2 1646
d 2 1647
d 2 1648
d 2 1649
d 2 1650
d 2 1651
d 2 1652
d 2 1653
d 2 1654
d 2 1655
d 2 1656
d 2 1657
d 2 1658
d 2 1659
d 2 1660
d 2 1661
d 2 1662
d 2 1663
d 2 1664
d 2 1665
d 2 1666
d 2 1667
d 2 1668
d 2 1669
d 2 1670
d 2 1671
d 2 1672
d 2 1673
d 2 1674
d 2 1675
d 2 1676
d 2 1677
d 2 1678
d 2 1679
d 2 1680
b 2153
b 2154
b 2155
b 2156
b 2157
b 2158
b 2159
b 2160
b 2161
b 2162
b 2163
b 2164
b 2165
b 2166
b 2167
b 2168
b 2169
b 2170
b 2171
b 2172
b 2173
b 2174
b 2175
b 2176
b 2177
b 2178
b 2179
b 2180
b 2181
b 2182
b 2183
b 2184
b 2185
b 2186
b 2187
b 2188
b 2189
b 2190
b 2191
b 2192
b 2193
b 2194
b 2195
b 2196
b 2197
b 2198
b 2199
b 2200
b 2201
b 2202
b 2203
b 2204
b 2205
b 2206
b 2207
b 2208
b 2209
b 2210
b 2211
b 2212
b 2213
b 2214
b 2215
b 2216
b 2217
b 2218
b 2219
b 2220
b 2221
b 2222
b 2223
b 2224
b 2225
b 2226
b 2227
b 2228
b 2229
b 2230
b 2231
b 2232
b 2233
b 2234
b 2235
b 2236
b 2237
b 2238
b 2239
b 2240
b 2241
b 2242
b 2243
b 2244
b 2245
b 2246
b 2247
b 2248
b 2249
b 2250
b 2251
b 2252
b 2253
b 2254
b 2255
b 2256
b 2257
b 2258
b 2259
b 2260
b 2261
b 2262
b 2263
b 2264
b 2265
b 2266
b 2267
b 2268
b 2269
b 2270
b 2271
b 2272
b 2273
b 2274
b 2275
b 2276
b 2277
b 2278
b 2279
b 2280
b 2281
b 2282
b 2283
b 2284
b 2285
b 2286
b 2287
b 2288
b 2289
b 2290
b 2291
b 2292
b 2293
b 2294
b 2295
b 2296
b 2297
b 2298
b 2299
b 2300
b 2301
b 2302
b 2303
b 2304
b 2305
b 2306
b 2307
b 2308
b 2309
b 2310
b 2311
b 2312
b 2313
b 2314
b 2315
b 2316
b 2317
b 2318
b 2319
b 2320
b 2321
b 2322
b 2323
b 2324
b 2325
b 2326
b 2327
b 2328
b 2329
b 2330
b 2331
b 2332
b 2333
b 2334
b 2335
b 2336
b 2337
b 2338
b 2339
b 2340
b 2341
b 2342
b 2343
b 2344
b 2345
b 2346
b 2347
b 2348
b 2349
b 2350
b 2351
b 2352
b 2353
b 2354
b 2355
b 2356
b 2357
b 2358
b 2359
b 2360
b 2361
b 2362
b 2363
b 2364
b 2365
b 2366
b 2367
b 2368
b 2369
b 2370
b 2371
b 2372
b 2373
b 2374
b 2375
b 2376
b 2377
b 2378
b 2379
b 2380
b 2381
b 2382
b 2383
b 2384
b 2385
b 2386
b 2387
b 2388
b 2389
b 2390
b 2391
b 2392
b 2393
b 2394
b 2395
b 2396
b 2397
b 2398
b 2399
b 2400
b 2401
b 2402
b 2403
b 2404
b 2405
b 2406
b 2407
b 2408
b 2409
b 2410
b 2411
b 2412
b 2413
b 2414
b 2415
b 2416
b 2417
b 2418
b 2419
b 2420
b 2421
b 2422
b 2423
b 2424
b 2425
b 2426
b 2427
b 2428
b 2429
b 2430
b 2431
b 2432
b 2433
b 2434
b 2435
b 2436
b 2437
b 2438
b 2439
b 2440
b 2441
b 2442
b 2443
b 2444
b 2445
b 2446
b 2447
b 2448
b 2449
b 2450
b 2451
b 2452
b 2453
b 2454
b 2455
b 2456
b 2457
b 2458
b 2459
b 2460
b 2461
b 2462
b 2463
b 2464
b 2465
b 2466
b 2467
b 2468
b 2469
b 2470
b 2471
b 2472
b 2473
b 2474
b 2475
b 2476
b 2477
b 2478
b 2479
b 2480
b 2481
b 2482
b 2483
b 2484
b 2485
b 2486
b 2487
b 2488
b 2489
b 2490
b 2491
b 2492
b 2493
b 2494
b 2495
b 2496
d 1 1
d 1 2
d 1 3
d 1 4
d 1 5
d 1 6
d 1 7
d 1 8
d 1 9
d 1 10
d 1 11
d 1 12
d 1 13
d 1 14
d 1 15
d 1 16
d 2 1681
d 2 1682
d 2 1683
d 2 1684
d 2 1685
d 2 1686
d 2 1687
d 2 1688
d 2 1689
d 2 1690
d 2 1691
d 2 1692
d 2 1693
d 2 1694
d 2 1695
d 2 1696
d 2 1697
d 2 1698
d 2 1699
d 2 1700
d 2 1701
d 2 1702
d 2 1703
d 2 1704
d 2 1705
d 2 1706
d 2 1707
d 2 1708
d 2 1709
d 2 1710
d 2 1711
d 2 1712
d 2 1713
d 2 1714
d 2 1715
d 2 1716
d 2 1717
d 2 1718
d 2 1719
d 2 1720
d 2 1721
d 2 1722
d 2 1723
d 2 1724
d 2 1725
d 2 1726
d 2 1727
d 2 1728
d 2 1729
d 2 1730
d 2 1731
d 2 1732
d 2 1733
d 2 1734
d 2 1735
d 2 1736
d 2 1737
d 2 1738
d 2 1739
d 2 1740
d 2 1741
d 2 1742
d 2 1743
d 2 1744
d 2 1745
d 2 1746
d 2 1747
d 2 1748
d 2 1749
d 2 1750
d 2 1751
d 2 1752
d 2 1753
d 2 1754
d 2 1755
d 2 1756
d 2 1757
d 2 1758
d 2 1759
d 2 1760
b 2497
b 2498
b 2499
b 2500
b 2501
b 2502
b 2503
b 2504
b 2505
b 2506
b 2507
b 2508
b 2509
b 2510
b 2511
b 2512
b 2513
b 2514
b 2515
b 2516
b 2517
b 2518
b 2519
b 2520
b 2521
b 2522
b 2523
b 2524
b 2525
b 2526
b 2527
b 2528
b 2529
b 2530
b 2531
b 2532
b 2533
b 2534
b 2535
b 2536
b 2537
b 2538
b 2539
b 2540
b 2541
b 2542
b 2543
b 2544
b 2545
b 2546
b 2547
b 2548
b 2549
b 2550
b 2551
b 2552
b 2553
b 2554
b 2555
b 2556
b 2557
b 2558
b 2559
b 2560
b 2561
b 2562
b 2563
b 2564
b 2565
b 2566
b 2567
b 2568
b 2569
b 2570
b 2571
b 2572
b 2573
b 2574
b 2575
b 2576
d 3 9
d 3 10
d 3 11
d 3 12
d 3 13
d 3 14
d 3 15
d 3 16
d 3 17
d 3 18
d 3 19
d 3 20
d 3 21
d 3 22
d 3 23
d 3 24
d 3 25
d 3 26
d 3 27
d 3 28
d 3 29
d 3 30
d 3 31
d 3 32
d 3 33
d 3 34
d 3 35
d 3 36
d 3 37
d 3 38
d 3 39
d 3 40
d 3 41
d 3 42
d 3 43
d 3 44
d 3 45
d 3 46
d 3 47
d 3 48
d 3 49
d 3 50
d 3 51
d 3 52
d 3 53
d 3 54
d 3 55
d 3 56
d 3 57
d 3 58
d 3 59
d 3 60
d 3 61
d 3 62
d 3 63
d 3 64
d 3 65
d 3 66
d 3 67
d 3 68
d 3 69
d 3 70
d 3 71
d 3 72
d 3 73
d 3 74
d 3 75
d 3 76
d 3 77
d 3 78
d 3 79
d 3 80
d 3 81
d 3 82
d 3 83
d 3 84
d 3 85
d 3 86
d 3 87
d 3 88
d 3 89
d 3 90
d 3 91
d 3 92
d 3 93
d 3 94
d 3 95
d 3 96
d 2 1761
d 2 1762
d 2 1763
d 2 1764
d 2 1765
d 2 1766
d 2 1767
d 2 1768
d 2 1769
d 2 1770
d 2 1771
d 2 1772
d 2 1773
d 2 1774
d 2 1775
d 2 1776
d 2 1777
d 2 1778
d 2 1779
d 2 1780
d 2 1781
d 2 1782
d 2 1783
d 2 1784
d 2 1785
d 2 1786
d 2 1787
d 2 1788
d 2 1789
d 2 1790
d 2 1791
d 2 1792
d 2 1793
d 2 1794
d 2 1795
d 2 1796
d 2 1797
d 2 1798
d 2 1799
d 2 1800
d 2 1801
d 2 1802
d 2 1803
d 2 1804
d 2 1805
d 2 1806
d 2 1807
d 2 1808
d 2 1809
d 2 1810
d 2 1811
d 2 1812
d 2 1813
d 2 1814
d 2 1815
d 2 1816
d 2 1817
d 2 1818
d 2 1819
d 2 1820
d 2 1821
d 2 1822
d 2 1823
d 2 1824
d 2 1825
d 2 1826
d 2 1827
d 2 1828
d 2 1829
d 2 1830
d 2 1831
d 2 1832
d 2 1833
d 2 1834
d 2 1835
d 2 1836
d 2 1837
d 2 1838
d 2 1839
d 2 1840
d 2 1841
d 2 1842
d 2 1843
d 2 1844
d 2 1845
d 2 1846
d 2 1847
d 2 1848
d 2 1849
d 2 1850
d 2 1851
d 2 1852
d 2 1853
d 2 1854
d 2 1855
d 2 1856
d 2 1857
d 2 1858
d 2 1859
d 2 1860
d 2 1861
d 2 1862
d 2 1863
d 2 1864
d 2 1865
d 2 1866
d 2 1867
d 2 1868
d 2 1869
d 2 1870
d 2 1871
d 2 1872
b 2577
b 2578
b 2579
b 2580
b 2581
b 2582
b 2583
b 2584
b 2585
b 2586
b 2587
b 2588
b 2589
b 2590
b 2591
b 2592
b 2593
b 2594
b 2595
b 2596
b 2597
b 2598
b 2599
b 2600
b 2601
b 2602
b 2603
b 2604
b 2605
b 2606
b 2607
b 2608
b 2609
b 2610
b 2611
b 2612
b 2613
b 2614
b 2615
b 2616
b 2617
b 2618
b 2619
b 2620
b 2621
b 2622
b 2623
b 2624
b 2625
b 2626
b 2627
b 2628
b 2629
b 2630
b 2631
b 2632
b 2633
b 2634
b 2635
b 2636
b 2637
b 2638
b 2639
b 2640
b 2641
b 2642
b 2643
b 2644
b 2645
b 2646
b 2647
b 2648
b 2649
b 2650
b 2651
b 2652
b 2653
b 2654
b 2655
b 2656
b 2657
b 2658
b 2659
b 2660
b 2661
b 2662
b 2663
b 2664
b 2665
b 2666
b 2667
b 2668
b 2669
b 2670
b 2671
b 2672
b 2673
b 2674
b 2675
b 2676
b 2677
b 2678
b 2679
b 2680
b 2681
b 2682
b 2683
b 2684
b 2685
b 2686
b 2687
b 2688
d 2 1873
d 2 1874
d 2 1875
d 2 1876
d 2 1877
d 2 1878
d 2 1879
d 2 1880
d 2 1881
d 2 1882
d 2 1883
d 2 1884
d 2 1885
d 2 1886
d 2 1887
d 2 1888
d 2 1889
d 2 1890
d 2 1891
d 2 1892
d 2 1893
d 2 1894
d 2 1895
d 2 1896
d 2 1897
d 2 1898
d 2 1899
d 2 1900
d 2 1901
d 2 1902
d 2 1903
d 2 1904
d 2 1905
d 2 1906
d 2 1907
d 2 1908
d 2 1909
d 2 1910
d 2 1911
d 2 1912
b 2689
b 2690
b 2691
b 2692
b 2693
b 2694
b 2695
b 2696
b 2697
b 2698
b 2699
b 2700
b 2701
b 2702
b 2703
b 2704
b 2705
b 2706
b 2707
b 2708
b 2709
b 2710
b 2711
b 2712
b 2713
b 2714
b 2715
b 2716
b 2717
b 2718
b 2719
b 2720
b 2721
b 2722
b 2723
b 2724
b 2725
b 2726
b 2727
b 2728
d 2 1913
d 2 1914
d 2 1915
d 2 1916
d 2 1917
d 2 1918
d 2 1919
d 2 1920
d 2 1921
d 2 1922
d 2 1923
d 2 1924
d 2 1925
d 2 1926
d 2 1927
d 2 1928
d 2 1929
d 2 1930
d 2 1931
d 2 1932
d 2 1933
d 2 1934
d 2 1935
d 2 1936
d 2 1937
d 2 1938
d 2 1939
d 2 1940
d 2 1941
d 2 1942
d 2 1943
d 2 1944
d 2 1945
d 2 1946
d 2 1947
d 2 1948
d 2 1949
d 2 1950
d 2 1951
d 2 1952
d 2 1953
d 2 1954
d 2 1955
d 2 1956
d 2 1957
d 2 1958
d 2 1959
d 2 1960
d 2 1961
d 2 1962
d 2 1963
d 2 1964
d 2 1965
d 2 1966
d 2 1967
d 2 1968
d 2 1969
d 2 1970
d 2 1971
d 2 1972
d 2 1973
d 2 1974
d 2 1975
d 2 1976
d 2 1977
d 2 1978
d 2 1979
d 2 1980
d 2 1981
d 2 1982
d 2 1983
d 2 1984
d 2 1985
d 2 1986
d 2 1987
d 2 1988
d 2 1989
d 2 1990
d 2 1991
d 2 1992
d 2 1993
d 2 1994
d 2 1995
d 2 1996
d 2 1997
d 2 1998
d 2 1999
d 2 2000
d 2 2001
d 2 2002
d 2 2003
d 2 2004
d 2 2005
d 2 2006
d 2 2007
d 2 2008
d 2 2009
d 2 2010
d 2 2011
d 2 2012
d 2 2013
d 2 2014
d 2 2015
d 2 2016
d 2 2017
d 2 2018
d 2 2019
d 2 2020
d 2 2021
d 2 2022
d 2 2023
d 2 2024
d 2 2025
d 2 2026
d 2 2027
d 2 2028
d 2 2029
d 2 2030
d 2 2031
d 2 2032
d 2 2033
d 2 2034
d 2 2035
d 2 2036
d 2 2037
d 2 2038
d 2 2039
d 2 2040
d 2 2041
d 2 2042
d 2 2043
d 2 2044
d 2 2045
d 2 2046
d 2 2047
d 2 2048
d 2 2049
d 2 2050
d 2 2051
d 2 2052
d 2 2053
d 2 2054
d 2 2055
d 2 2056
d 2 2057
d 2 2058
d 2 2059
d 2 2060
d 2 2061
d 2 2062
d 2 2063
d 2 2064
d 2 2065
d 2 2066
d 2 2067
d 2 2068
d 2 2069
d 2 2070
d 2 2071
d 2 2072
d 2 2073
d 2 2074
d 2 2075
d 2 2076
d 2 2077
d 2 2078
d 2 2079
d 2 2080
b 2729
b 2730
b 2731
b 2732
b 2733
b 2734
b 2735
b 2736
b 2737
b 2738
b 2739
b 2740
b 2741
b 2742
b 2743
b 2744
b 2745
b 2746
b 2747
b 2748
b 2749
b 2750
b 2751
b 2752
b 2753
b 2754
b 2755
b 2756
b 2757
b 2758
b 2759
b 2760
b 2761
b 2762
b 2763
b 2764
b 2765
b 2766
b 2767
b 2768
b 2769
b 2770
b 2771
b 2772
b 2773
b 2774
b 2775
b 2776
b 2777
b 2778
b 2779
b 2780
b 2781
b 2782
b 2783
b 2784
b 2785
b 2786
b 2787
b 2788
b 2789
b 2790
b 2791
b 2792
b 2793
b 2794
b 2795
b 2796
b 2797
b 2798
b 2799
b 2800
b 2801
b 2802
b 2803
b 2804
b 2805
b 2806
b 2807
b 2808
b 2809
b 2810
b 2811
b 2812
b 2813
b 2814
b 2815
b 2816
b 2817
b 2818
b 2819
b 2820
b 2821
b 2822
b 2823
b 2824
b 2825
b 2826
b 2827
b 2828
b 2829
b 2830
b 2831
b 2832
b 2833
b 2834
b 2835
b 2836
b 2837
b 2838
b 2839
b 2840
b 2841
b 2842
b 2843
b 2844
b 2845
b 2846
b 2847
b 2848
b 2849
b 2850
b 2851
b 2852
b 2853
b 2854
b 2855
b 2856
b 2857
b 2858
b 2859
b 2860
b 2861
b 2862
b 2863
b 2864
b 2865
b 2866
b 2867
b 2868
b 2869
b 2870
b 2871
b 2872
b 2873
b 2874
b 2875
b 2876
b 2877
b 2878
b 2879
b 2880
b 2881
b 2882
b 2883
b 2884
b 2885
b 2886
b 2887
b 2888
b 2889
b 2890
b 2891
b 2892
b 2893
b 2894
b 2895
b 2896
d 3 97
d 3 98
d 3 99
d 3 100
d 3 101
d 3 102
d 3 103
d 3 104
d 3 105
d 3 106
d 3 107
d 3 108
d 3 109
d 3 110
d 3 111
d 3 112
d 3 113
d 3 114
d 3 115
d 3 116
d 3 117
d 3 118
d 3 119
d 3 120
d 2 2081
d 2 2082
d 2 2083
d 2 2084
d 2 2085
d 2 2086
d 2 2087
d 2 2088
d 2 2089
d 2 2090
d 2 2091
d 2 2092
d 2 2093
d 2 2094
d 2 2095
d 2 2096
d 2 2097
d 2 2098
d 2 2099
d 2 2100
d 2 2101
d 2 2102
d 2 2103
d 2 2104
d 2 2105
d 2 2106
d 2 2107
d 2 2108
d 2 2109
d 2 2110
d 2 2111
d 2 2112
d 2 2113
d 2 2114
d 2 2115
d 2 2116
d 2 2117
d 2 2118
d 2 2119
d 2 2120
d 2 2121
d 2 2122
d 2 2123
d 2 2124
d 2 2125
d 2 2126
d 2 2127
d 2 2128
d 2 2129
d 2 2130
d 2 2131
d 2 2132
d 2 2133
d 2 2134
d 2 2135
d 2 2136
d 2 2137
d 2 2138
d 2 2139
d 2 2140
d 2 2141
d 2 2142
d 2 2143
d 2 2144
d 2 2145
d 2 2146
d 2 2147
d 2 2148
d 2 2149
d 2 2150
d 2 2151
d 2 2152
d 2 2153
d 2 2154
d 2 2155
d 2 2156
d 2 2157
d 2 2158
d 2 2159
d 2 2160
d 2 2161
d 2 2162
d 2 2163
d 2 2164
d 2 2165
d 2 2166
d 2 2167
d 2 2168
d 2 2169
d 2 2170
d 2 2171
d 2 2172
d 2 2173
d 2 2174
d 2 2175
d 2 2176
d 2 2177
d 2 2178
d 2 2179
d 2 2180
d 2 2181
d 2 2182
d 2 2183
d 2 2184
d 2 2185
d 2 2186
d 2 2187
d 2 2188
d 2 2189
d 2 2190
d 2 2191
d 2 2192
d 2 2193
d 2 2194
d 2 2195
d 2 2196
d 2 2197
d 2 2198
d 2 2199
d 2 2200
d 2 2201
d 2 2202
d 2 2203
d 2 2204
d 2 2205
d 2 2206
d 2 2207
d 2 2208
d 2 2209
d 2 2210
d 2 2211
d 2 2212
d 2 2213
d 2 2214
d 2 2215
d 2 2216
d 2 2217
d 2 2218
d 2 2219
d 2 2220
d 2 2221
d 2 2222
d 2 2223
d 2 2224
d 2 2225
d 2 2226
d 2 2227
d 2 2228
d 2 2229
d 2 2230
d 2 2231
d 2 2232
d 2 2233
d 2 2234
d 2 2235
d 2 2236
d 2 2237
d 2 2238
d 2 2239
d 2 2240
d 2 2241
d 2 2242
d 2 2243
d 2 2244
d 2 2245
d 2 2246
d 2 2247
d 2 2248
d 2 2249
d 2 2250
d 2 2251
d 2 2252
d 2 2253
d 2 2254
d 2 2255
d 2 2256
d 2 2257
d 2 2258
d 2 2259
d 2 2260
d 2 2261
d 2 2262
d 2 2263
d 2 2264
d 2 2265
d 2 2266
d 2 2267
d 2 2268
d 2 2269
d 2 2270
d 2 2271
d 2 2272
d 2 2273
d 2 2274
d 2 2275
d 2 2276
d 2 2277
d 2 2278
d 2 2279
d 2 2280
d 2 2281
d 2 2282
d 2 2283
d 2 2284
d 2 2285
d 2 2286
d 2 2287
d 2 2288
d 2 2289
d 2 2290
d 2 2291
d 2 2292
d 2 2293
d 2 2294
d 2 2295
d 2 2296
d 2 2297
d 2 2298
d 2 2299
d 2 2300
d 2 2301
d 2 2302
d 2 2303
d 2 2304
d 2 2305
d 2 2306
d 2 2307
d 2 2308
d 2 2309
d 2 2310
d 2 2311
d 2 2312
d 2 2313
d 2 2314
d 2 2315
d 2 2316
d 2 2317
d 2 2318
d 2 2319
d 2 2320
d 2 2321
d 2 2322
d 2 2323
d 2 2324
d 2 2325
d 2 2326
d 2 2327
d 2 2328
d 2 2329
d 2 2330
d 2 2331
d 2 2332
d 2 2333
d 2 2334
d 2 2335
d 2 2336
d 2 2337
d 2 2338
d 2 2339
d 2 2340
d 2 2341
d 2 2342
d 2 2343
d 2 2344
d 2 2345
d 2 2346
d 2 2347
d 2 2348
d 2 2349
d 2 2350
d 2 2351
d 2 2352
d 2 2353
d 2 2354
d 2 2355
d 2 2356
d 2 2357
d 2 2358
d 2 2359
d 2 2360
d 2 2361
d 2 2362
d 2 2363
d 2 2364
d 2 2365
d 2 2366
d 2 2367
d 2 2368
d 2 2369
d 2 2370
d 2 2371
d 2 2372
d 2 2373
d 2 2374
d 2 2375
d 2 2376
d 2 2377
d 2 2378
d 2 2379
d 2 2380
d 2 2381
d 2 2382
d 2 2383
d 2 2384
d 2 2385
d 2 2386
d 2 2387
d 2 2388
d 2 2389
d 2 2390
d 2 2391
d 2 2392
d 2 2393
d 2 2394
d 2 2395
d 2 2396
d 2 2397
d 2 2398
d 2 2399
d 2 2400
d 2 2401
d 2 2402
d 2 2403
d 2 2404
d 2 2405
d 2 2406
d 2 2407
d 2 2408
d 2 2409
d 2 2410
d 2 2411
d 2 2412
d 2 2413
d 2 2414
d 2 2415
d 2 2416
d 2 2417
d 2 2418
d 2 2419
d 2 2420
d 2 2421
d 2 2422
d 2 2423
d 2 2424
d 2 2425
d 2 2426
d 2 2427
d 2 2428
d 2 2429
d 2 2430
d 2 2431
d 2 2432
d 2 2433
d 2 2434
d 2 2435
d 2 2436
d 2 2437
d 2 2438
d 2 2439
d 2 2440
d 2 2441
d 2 2442
d 2 2443
d 2 2444
d 2 2445
d 2 2446
d 2 2447
d 2 2448
d 2 2449
d 2 2450
d 2 2451
d 2 2452
d 2 2453
d 2 2454
d 2 2455
d 2 2456
d 2 2457
d 2 2458
d 2 2459
d 2 2460
d 2 2461
d 2 2462
d 2 2463
d 2 2464
d 2 2465
d 2 2466
d 2 2467
d 2 2468
d 2 2469
d 2 2470
d 2 2471
d 2 2472
d 2 2473
d 2 2474
d 2 2475
d 2 2476
d 2 2477
d 2 2478
d 2 2479
d 2 2480
d 2 2481
d 2 2482
d 2 2483
d 2 2484
d 2 2485
d 2 2486
d 2 2487
d 2 2488
d 2 2489
d 2 2490
d 2 2491
d 2 2492
d 2 2493
d 2 2494
d 2 2495
d 2 2496
d 2 2497
d 2 2498
d 2 2499
d 2 2500
d 2 2501
d 2 2502
d 2 2503
d 2 2504
b 2897
b 2898
b 2899
b 2900
b 2901
b 2902
b 2903
b 2904
b 2905
b 2906
b 2907
b 2908
b 2909
b 2910
b 2911
b 2912
b 2913
b 2914
b 2915
b 2916
b 2917
b 2918
b 2919
b 2920
b 2921
b 2922
b 2923
b 2924
b 2925
b 2926
b 2927
b 2928
b 2929
b 2930
b 2931
b 2932
b 2933
b 2934
b 2935
b 2936
b 2937
b 2938
b 2939
b 2940
b 2941
b 2942
b 2943
b 2944
b 2945
b 2946
b 2947
b 2948
b 2949
b 2950
b 2951
b 2952
b 2953
b 2954
b 2955
b 2956
b 2957
b 2958
b 2959
b 2960
b 2961
b 2962
b 2963
b 2964
b 2965
b 2966
b 2967
b 2968
b 2969
b 2970
b 2971
b 2972
b 2973
b 2974
b 2975
b 2976
b 2977
b 2978
b 2979
b 2980
b 2981
b 2982
b 2983
b 2984
b 2985
b 2986
b 2987
b 2988
b 2989
b 2990
b 2991
b 2992
b 2993
b 2994
b 2995
b 2996
b 2997
b 2998
b 2999
b 3000
b 3001
b 3002
b 3003
b 3004
b 3005
b 3006
b 3007
b 3008
b 3009
b 3010
b 3011
b 3012
b 3013
b 3014
b 3015
b 3016
b 3017
b 3018
b 3019
b 3020
b 3021
b 3022
b 3023
b 3024
b 3025
b 3026
b 3027
b 3028
b 3029
b 3030
b 3031
b 3032
b 3033
b 3034
b 3035
b 3036
b 3037
b 3038
b 3039
b 3040
b 3041
b 3042
b 3043
b 3044
b 3045
b 3046
b 3047
b 3048
b 3049
b 3050
b 3051
b 3052
b 3053
b 3054
b 3055
b 3056
b 3057
b 3058
b 3059
b 3060
b 3061
b 3062
b 3063
b 3064
b 3065
b 3066
b 3067
b 3068
b 3069
b 3070
b 3071
b 3072
b 3073
b 3074
b 3075
b 3076
b 3077
b 3078
b 3079
b 3080
b 3081
b 3082
b 3083
b 3084
b 3085
b 3086
b 3087
b 3088
b 3089
b 3090
b 3091
b 3092
b 3093
b 3094
b 3095
b 3096
b 3097
b 3098
b 3099
b 3100
b 3101
b 3102
b 3103
b 3104
b 3105
b 3106
b 3107
b 3108
b 3109
b 3110
b 3111
b 3112
b 3113
b 3114
b 3115
b 3116
b 3117
b 3118
b 3119
b 3120
b 3121
b 3122
b 3123
b 3124
b 3125
b 3126
b 3127
b 3128
b 3129
b 3130
b 3131
b 3132
b 3133
b 3134
b 3135
b 3136
b 3137
b 3138
b 3139
b 3140
b 3141
b 3142
b 3143
b 3144
b 3145
b 3146
b 3147
b 3148
b 3149
b 3150
b 3151
b 3152
b 3153
b 3154
b 3155
b 3156
b 3157
b 3158
b 3159
b 3160
b 3161
b 3162
b 3163
b 3164
b 3165
b 3166
b 3167
b 3168
b 3169
b 3170
b 3171
b 3172
b 3173
b 3174
b 3175
b 3176
b 3177
b 3178
b 3179
b 3180
b 3181
b 3182
b 3183
b 3184
b 3185
b 3186
b 3187
b 3188
b 3189
b 3190
b 3191
b 3192
b 3193
b 3194
b 3195
b 3196
b 3197
b 3198
b 3199
b 3200
b 3201
b 3202
b 3203
b 3204
b 3205
b 3206
b 3207
b 3208
b 3209
b 3210
b 3211
b 3212
b 3213
b 3214
b 3215
b 3216
b 3217
b 3218
b 3219
b 3220
b 3221
b 3222
b 3223
b 3224
b 3225
b 3226
b 3227
b 3228
b 3229
b 3230
b 3231
b 3232
b 3233
b 3234
b 3235
b 3236
b 3237
b 3238
b 3239
b 3240
b 3241
b 3242
b 3243
b 3244
b 3245
b 3246
b 3247
b 3248
b 3249
b 3250
b 3251
b 3252
b 3253
b 3254
b 3255
b 3256
b 3257
b 3258
b 3259
b 3260
b 3261
b 3262
b 3263
b 3264
b 3265
b 3266
b 3267
b 3268
b 3269
b 3270
b 3271
b 3272
b 3273
b 3274
b 3275
b 3276
b 3277
b 3278
b 3279
b 3280
b 3281
b 3282
b 3283
b 3284
b 3285
b 3286
b 3287
b 3288
b 3289
b 3290
b 3291
b 3292
b 3293
b 3294
b 3295
b 3296
b 3297
b 3298
b 3299
b 3300
b 3301
b 3302
b 3303
b 3304
b 3305
b 3306
b 3307
b 3308
b 3309
b 3310
b 3311
b 3312
b 3313
b 3314
b 3315
b 3316
b 3317
b 3318
b 3319
b 3320
d 2 2505
d 2 2506
d 2 2507
d 2 2508
d 2 2509
d 2 2510
d 2 2511
d 2 2512
d 2 2513
d 2 2514
d 2 2515
d 2 2516
d 2 2517
d 2 2518
d 2 2519
d 2 2520
d 2 2521
d 2 2522
d 2 2523
d 2 2524
d 2 2525
d 2 2526
d 2 2527
d 2 2528
d 2 2529
d 2 2530
d 2 2531
d 2 2532
d 2 2533
d 2 2534
d 2 2535
d 2 2536
d 2 2537
d 2 2538
d 2 2539
d 2 2540
d 2 2541
d 2 2542
d 2 2543
d 2 2544
d 2 2545
d 2 2546
d 2 2547
d 2 2548
d 2 2549
d 2 2550
d 2 2551
d 2 2552
d 2 2553
d 2 2554
d 2 2555
d 2 2556
d 2 2557
d 2 2558
d 2 2559
d 2 2560
d 2 2561
d 2 2562
d 2 2563
d 2 2564
d 2 2565
d 2 2566
d 2 2567
d 2 2568
d 2 2569
d 2 2570
d 2 2571
d 2 2572
d 2 2573
d 2 2574
d 2 2575
d 2 2576
d 2 2577
d 2 2578
d 2 2579
d 2 2580
d 2 2581
d 2 2582
d 2 2583
d 2 2584
b 3321
b 3322
b 3323
b 3324
b 3325
b 3326
b 3327
b 3328
b 3329
b 3330
b 3331
b 3332
b 3333
b 3334
b 3335
b 3336
b 3337
b 3338
b 3339
b 3340
b 3341
b 3342
b 3343
b 3344
b 3345
b 3346
b 3347
b 3348
b 3349
b 3350
b 3351
b 3352
b 3353
b 3354
b 3355
b 3356
b 3357
b 3358
b 3359
b 3360
b 3361
b 3362
b 3363
b 3364
b 3365
b 3366
b 3367
b 3368
b 3369
b 3370
b 3371
b 3372
b 3373
b 3374
b 3375
b 3376
b 3377
b 3378
b 3379
b 3380
b 3381
b 3382
b 3383
b 3384
b 3385
b 3386
b 3387
b 3388
b 3389
b 3390
b 3391
b 3392
b 3393
b 3394
b 3395
b 3396
b 3397
b 3398
b 3399
b 3400
d 2 2585
d 2 2586
d 2 2587
d 2 2588
d 2 2589
d 2 2590
d 2 2591
d 2 2592
b 3401
b 3402
b 3403
b 3404
b 3405
b 3406
b 3407
b 3408
d 2 2593
d 2 2594
d 2 2595
d 2 2596
d 2 2597
d 2 2598
d 2 2599
d 2 2600
d 2 2601
d 2 2602
d 2 2603
d 2 2604
d 2 2605
d 2 2606
d 2 2607
d 2 2608
d 2 2609
d 2 2610
d 2 2611
d 2 2612
d 2 2613
d 2 2614
d 2 2615
d 2 2616
d 2 2617
d 2 2618
d 2 2619
d 2 2620
d 2 2621
d 2 2622
d 2 2623
d 2 2624
d 2 2625
d 2 2626
d 2 2627
d 2 2628
d 2 2629
d 2 2630
d 2 2631
d 2 2632
d 2 2633
d 2 2634
d 2 2635
d 2 2636
d 2 2637
d 2 2638
d 2 2639
d 2 2640
d 2 2641
d 2 2642
d 2 2643
d 2 2644
d 2 2645
d 2 2646
d 2 2647
d 2 2648
d 2 2649
d 2 2650
d 2 2651
d 2 2652
d 2 2653
d 2 2654
d 2 2655
d 2 2656
d 2 2657
d 2 2658
d 2 2659
d 2 2660
d 2 2661
d 2 2662
d 2 2663
d 2 2664
d 2 2665
d 2 2666
d 2 2667
d 2 2668
d 2 2669
d 2 2670
d 2 2671
d 2 2672
d 2 2673
d 2 2674
d 2 2675
d 2 2676
d 2 2677
d 2 2678
d 2 2679
d 2 2680
d 2 2681
d 2 2682
d 2 2683
d 2 2684
d 2 2685
d 2 2686
d 2 2687
d 2 2688
d 2 2689
d 2 2690
d 2 2691
d 2 2692
d 2 2693
d 2 2694
d 2 2695
d 2 2696
d 2 2697
d 2 2698
d 2 2699
d 2 2700
d 2 2701
d 2 2702
d 2 2703
d 2 2704
d 2 2705
d 2 2706
d 2 2707
d 2 2708
d 2 2709
d 2 2710
d 2 2711
d 2 2712
d 2 2713
d 2 2714
d 2 2715
d 2 2716
d 2 2717
d 2 2718
d 2 2719
d 2 2720
d 2 2721
d 2 2722
d 2 2723
d 2 2724
d 2 2725
d 2 2726
d 2 2727
d 2 2728
d 2 2729
d 2 2730
d 2 2731
d 2 2732
d 2 2733
d 2 2734
d 2 2735
d 2 2736
d 2 2737
d 2 2738
d 2 2739
d 2 2740
d 2 2741
d 2 2742
d 2 2743
d 2 2744
d 2 2745
d 2 2746
d 2 2747
d 2 2748
d 2 2749
d 2 2750
d 2 2751
d 2 2752
d 2 2753
d 2 2754
d 2 2755
d 2 2756
d 2 2757
d 2 2758
d 2 2759
d 2 2760
d 2 2761
d 2 2762
d 2 2763
d 2 2764
d 2 2765
d 2 2766
d 2 2767
d 2 2768
d 2 2769
d 2 2770
d 2 2771
d 2 2772
d 2 2773
d 2 2774
d 2 2775
d 2 2776
d 2 2777
d 2 2778
d 2 2779
d 2 2780
d 2 2781
d 2 2782
d 2 2783
d 2 2784
d 2 2785
d 2 2786
d 2 2787
d 2 2788
d 2 2789
d 2 2790
d 2 2791
d 2 2792
d 2 2793
d 2 2794
d 2 2795
d 2 2796
d 2 2797
d 2 2798
d 2 2799
d 2 2800
d 2 2801
d 2 2802
d 2 2803
d 2 2804
d 2 2805
d 2 2806
d 2 2807
d 2 2808
d 2 2809
d 2 2810
d 2 2811
d 2 2812
d 2 2813
d 2 2814
d 2 2815
d 2 2816
d 2 2817
d 2 2818
d 2 2819
d 2 2820
d 2 2821
d 2 2822
d 2 2823
d 2 2824
d 2 2825
d 2 2826
d 2 2827
d 2 2828
d 2 2829
d 2 2830
d 2 2831
d 2 2832
d 2 2833
d 2 2834
d 2 2835
d 2 2836
d 2 2837
d 2 2838
d 2 2839
d 2 2840
d 2 2841
d 2 2842
d 2 2843
d 2 2844
d 2 2845
d 2 2846
d 2 2847
d 2 2848
d 2 2849
d 2 2850
d 2 2851
d 2 2852
d 2 2853
d 2 2854
d 2 2855
d 2 2856
b 3409
b 3410
b 3411
b 3412
b 3413
b 3414
b 3415
b 3416
b 3417
b 3418
b 3419
b 3420
b 3421
b 3422
b 3423
b 3424
b 3425
b 3426
b 3427
b 3428
b 3429
b 3430
b 3431
b 3432
b 3433
b 3434
b 3435
b 3436
b 3437
b 3438
b 3439
b 3440
b 3441
b 3442
b 3443
b 3444
b 3445
b 3446
b 3447
b 3448
b 3449
b 3450
b 3451
b 3452
b 3453
b 3454
b 3455
b 3456
b 3457
b 3458
b 3459
b 3460
b 3461
b 3462
b 3463
b 3464
b 3465
b 3466
b 3467
b 3468
b 3469
b 3470
b 3471
b 3472
b 3473
b 3474
b 3475
b 3476
b 3477
b 3478
b 3479
b 3480
b 3481
b 3482
b 3483
b 3484
b 3485
b 3486
b 3487
b 3488
b 3489
b 3490
b 3491
b 3492
b 3493
b 3494
b 3495
b 3496
b 3497
b 3498
b 3499
b 3500
b 3501
b 3502
b 3503
b 3504
b 3505
b 3506
b 3507
b 3508
b 3509
b 3510
b 3511
b 3512
b 3513
b 3514
b 3515
b 3516
b 3517
b 3518
b 3519
b 3520
b 3521
b 3522
b 3523
b 3524
b 3525
b 3526
b 3527
b 3528
b 3529
b 3530
b 3531
b 3532
b 3533
b 3534
b 3535
b 3536
b 3537
b 3538
b 3539
b 3540
b 3541
b 3542
b 3543
b 3544
b 3545
b 3546
b 3547
b 3548
b 3549
b 3550
b 3551
b 3552
b 3553
b 3554
b 3555
b 3556
b 3557
b 3558
b 3559
b 3560
b 3561
b 3562
b 3563
b 3564
b 3565
b 3566
b 3567
b 3568
b 3569
b 3570
b 3571
b 3572
b 3573
b 3574
b 3575
b 3576
b 3577
b 3578
b 3579
b 3580
b 3581
b 3582
b 3583
b 3584
b 3585
b 3586
b 3587
b 3588
b 3589
b 3590
b 3591
b 3592
b 3593
b 3594
b 3595
b 3596
b 3597
b 3598
b 3599
b 3600
b 3601
b 3602
b 3603
b 3604
b 3605
b 3606
b 3607
b 3608
b 3609
b 3610
b 3611
b 3612
b 3613
b 3614
b 3615
b 3616
b 3617
b 3618
b 3619
b 3620
b 3621
b 3622
b 3623
b 3624
b 3625
b 3626
b 3627
b 3628
b 3629
b 3630
b 3631
b 3632
b 3633
b 3634
b 3635
b 3636
b 3637
b 3638
b 3639
b 3640
b 3641
b 3642
b 3643
b 3644
b 3645
b 3646
b 3647
b 3648
b 3649
b 3650
b 3651
b 3652
b 3653
b 3654
b 3655
b 3656
b 3657
b 3658
b 3659
b 3660
b 3661
b 3662
b 3663
b 3664
b 3665
b 3666
b 3667
b 3668
b 3669
b 3670
b 3671
b 3672
d 1 17
d 1 18
d 1 19
d 1 20
d 1 21
d 1 22
d 1 23
d 1 24
d 1 25
d 1 26
d 1 27
d 1 28
d 1 29
d 1 30
d 1 31
d 1 32
d 1 33
d 1 34
d 1 35
d 1 36
d 1 37
d 1 38
d 1 39
d 1 40
d 1 41
d 1 42
d 1 43
d 1 44
d 1 45
d 1 46
d 1 47
d 1 48
d 1 49
d 1 50
d 1 51
d 1 52
d 1 53
d 1 54
d 1 55
d 1 56
d 1 57
d 1 58
d 1 59
d 1 60
d 1 61
d 1 62
d 1 63
d 1 64
d 1 65
d 1 66
d 1 67
d 1 68
d 1 69
d 1 70
d 1 71
d 1 72
d 1 73
d 1 74
d 1 75
d 1 76
d 1 77
d 1 78
d 1 79
d 1 80
d 1 81
d 1 82
d 1 83
d 1 84
d 1 85
d 1 86
d 1 87
d 1 88
d 1 89
d 1 90
d 1 91
d 1 92
d 1 93
d 1 94
d 1 95
d 1 96
d 1 97
d 1 98
d 1 99
d 1 100
d 1 101
d 1 102
d 1 103
d 1 104
d 1 105
d 1 106
d 1 107
d 1 108
d 1 109
d 1 110
d 1 111
d 1 112
d 1 113
d 1 114
d 1 115
d 1 116
d 1 117
d 1 118
d 1 119
d 1 120
d 1 121
d 1 122
d 1 123
d 1 124
d 1 125
d 1 126
d 1 127
d 1 128
d 1 129
d 1 130
d 1 131
d 1 132
d 1 133
d 1 134
d 1 135
d 1 136
d 1 137
d 1 138
d 1 139
d 1 140
d 1 141
d 1 142
d 1 143
d 1 144
d 1 145
d 1 146
d 1 147
d 1 148
d 1 149
d 1 150
d 1 151
d 1 152
d 1 153
d 1 154
d 1 155
d 1 156
d 1 157
d 1 158
d 1 159
d 1 160
d 1 161
d 1 162
d 1 163
d 1 164
d 1 165
d 1 166
d 1 167
d 1 168
d 1 169
d 1 170
d 1 171
d 1 172
d 1 173
d 1 174
d 1 175
d 1 176
d 1 177
d 1 178
d 1 179
d 1 180
d 1 181
d 1 182
d 1 183
d 1 184
d 1 185
d 1 186
d 1 187
d 1 188
d 1 189
d 1 190
d 1 191
d 1 192
d 1 193
d 1 194
d 1 195
d 1 196
d 1 197
d 1 198
d 1 199
d 1 200
d 1 201
d 1 202
d 1 203
d 1 204
d 1 205
d 1 206
d 1 207
d 1 208
d 1 209
d 1 210
d 1 211
d 1 212
d 1 213
d 1 214
d 1 215
d 1 216
d 1 217
d 1 218
d 1 219
d 1 220
d 1 221
d 1 222
d 1 223
d 1 224
d 1 225
d 1 226
d 1 227
d 1 228
d 1 229
d 1 230
d 1 231
d 1 232
d 1 233
d 1 234
d 1 235
d 1 236
d 1 237
d 1 238
d 1 239
d 1 240
d 1 241
d 1 242
d 1 243
d 1 244
d 1 245
d 1 246
d 1 247
d 1 248
d 1 249
d 1 250
d 1 251
d 1 252
d 1 253
d 1 254
d 1 255
d 1 256
d 1 257
d 1 258
d 1 259
d 1 260
d 1 261
d 1 262
d 1 263
d 1 264
d 1 265
d 1 266
d 1 267
d 1 268
d 1 269
d 1 270
d 1 271
d 1 272
d 1 273
d 1 274
d 1 275
d 1 276
d 1 277
d 1 278
d 1 279
d 1 280
d 1 281
d 1 282
d 1 283
d 1 284
d 1 285
d 1 286
d 1 287
d 1 288
d 1 289
d 1 290
d 1 291
d 1 292
d 1 293
d 1 294
d 1 295
d 1 296
d 1 297
d 1 298
d 1 299
d 1 300
d 1 301
d 1 302
d 1 303
d 1 304
d 1 305
d 1 306
d 1 307
d 1 308
d 1 309
d 1 310
d 1 311
d 1 312
d 1 313
d 1 314
d 1 315
d 1 316
d 1 317
d 1 318
d 1 319
d 1 320
d 1 321
d 1 322
d 1 323
d 1 324
d 1 325
d 1 326
d 1 327
d 1 328
d 1 329
d 1 330
d 1 331
d 1 332
d 1 333
d 1 334
d 1 335
d 1 336
d 1 337
d 1 338
d 1 339
d 1 340
d 1 341
d 1 342
d 1 343
d 1 344
d 1 345
d 1 346
d 1 347
d 1 348
d 1 349
d 1 350
d 1 351
d 1 352
d 1 353
d 1 354
d 1 355
d 1 356
d 1 357
d 1 358
d 1 359
d 1 360
d 1 361
d 1 362
d 1 363
d 1 364
d 1 365
d 1 366
d 1 367
d 1 368
d 1 369
d 1 370
d 1 371
d 1 372
d 1 373
d 1 374
d 1 375
d 1 376
d 1 377
d 1 378
d 1 379
d 1 380
d 1 381
d 1 382
d 1 383
d 1 384
d 1 385
d 1 386
d 1 387
d 1 388
d 1 389
d 1 390
d 1 391
d 1 392
d 1 393
d 1 394
d 1 395
d 1 396
d 1 397
d 1 398
d 1 399
d 1 400
d 1 401
d 1 402
d 1 403
d 1 404
d 1 405
d 1 406
d 1 407
d 1 408
d 1 409
d 1 410
d 1 411
d 1 412
d 1 413
d 1 414
d 1 415
d 1 416
d 1 417
d 1 418
d 1 419
d 1 420
d 1 421
d 1 422
d 1 423
d 1 424
d 1 425
d 1 426
d 1 427
d 1 428
d 1 429
d 1 430
d 1 431
d 1 432
d 1 433
d 1 434
d 1 435
d 1 436
d 1 437
d 1 438
d 1 439
d 1 440
d 1 441
d 1 442
d 1 443
d 1 444
d 1 445
d 1 446
d 1 447
d 1 448
d 1 449
d 1 450
d 1 451
d 1 452
d 1 453
d 1 454
d 1 455
d 1 456
d 1 457
d 1 458
d 1 459
d 1 460
d 1 461
d 1 462
d 1 463
d 1 464
d 1 465
d 1 466
d 1 467
d 1 468
d 1 469
d 1 470
d 1 471
d 1 472
d 1 473
d 1 474
d 1 475
d 1 476
d 1 477
d 1 478
d 1 479
d 1 480
d 1 481
d 1 482
d 1 483
d 1 484
d 1 485
d 1 486
d 1 487
d 1 488
d 1 489
d 1 490
d 1 491
d 1 492
d 1 493
d 1 494
d 1 495
d 1 496
d 1 497
d 1 498
d 1 499
d 1 500
d 1 501
d 1 502
d 1 503
d 1 504
d 1 505
d 1 506
d 1 507
d 1 508
d 1 509
d 1 510
d 1 511
d 1 512
d 1 513
d 1 514
d 1 515
d 1 516
d 1 517
d 1 518
d 1 519
d 1 520
d 1 521
d 1 522
d 1 523
d 1 524
d 1 525
d 1 526
d 1 527
d 1 528
d 1 529
d 1 530
d 1 531
d 1 532
d 1 533
d 1 534
d 1 535
d 1 536
d 1 537
d 1 538
d 1 539
d 1 540
d 1 541
d 1 542
d 1 543
d 1 544
d 1 545
d 1 546
d 1 547
d 1 548
d 1 549
d 1 550
d 1 551
d 1 552
d 1 553
d 1 554
d 1 555
d 1 556
d 1 557
d 1 558
d 1 559
d 1 560
d 1 561
d 1 562
d 1 563
d 1 564
d 1 565
d 1 566
d 1 567
d 1 568
d 1 569
d 1 570
d 1 571
d 1 572
d 1 573
d 1 574
d 1 575
d 1 576
d 1 577
d 1 578
d 1 579
d 1 580
d 1 581
d 1 582
d 1 583
d 1 584
d 1 585
d 1 586
d 1 587
d 1 588
d 1 589
d 1 590
d 1 591
d 1 592
d 1 593
d 1 594
d 1 595
d 1 596
d 1 597
d 1 598
d 1 599
d 1 600
d 1 601
d 1 602
d 1 603
d 1 604
d 1 605
d 1 606
d 1 607
d 1 608
d 1 609
d 1 610
d 1 611
d 1 612
d 1 613
d 1 614
d 1 615
d 1 616
d 1 617
d 1 618
d 1 619
d 1 620
d 1 621
d 1 622
d 1 623
d 1 624
d 1 625
d 1 626
d 1 627
d 1 628
d 1 629
d 1 630
d 1 631
d 1 632
d 1 633
d 1 634
d 1 635
d 1 636
d 1 637
d 1 638
d 1 639
d 1 640
d 1 641
d 1 642
d 1 643
d 1 644
d 1 645
d 1 646
d 1 647
d 1 648
d 1 649
d 1 650
d 1 651
d 1 652
d 1 653
d 1 654
d 1 655
d 1 656
d 1 657
d 1 658
d 1 659
d 1 660
d 1 661
d 1 662
d 1 663
d 1 664
d 1 665
d 1 666
d 1 667
d 1 668
d 1 669
d 1 670
d 1 671
d 1 672
d 1 673
d 1 674
d 1 675
d 1 676
d 1 677
d 1 678
d 1 679
d 1 680
d 1 681
d 1 682
d 1 683
d 1 684
d 1 685
d 1 686
d 1 687
d 1 688
d 1 689
d 1 690
d 1 691
d 1 692
d 1 693
d 1 694
d 1 695
d 1 696
d 1 697
d 1 698
d 1 699
d 1 700
d 1 701
d 1 702
d 1 703
d 1 704
d 1 705
d 1 706
d 1 707
d 1 708
d 1 709
d 1 710
d 1 711
d 1 712
d 1 713
d 1 714
d 1 715
d 1 716
d 1 717
d 1 718
d 1 719
d 1 720
d 1 721
d 1 722
d 1 723
d 1 724
d 1 725
d 1 726
d 1 727
d 1 728
d 1 729
d 1 730
d 1 731
d 1 732
d 1 733
d 1 734
d 1 735
d 1 736
d 1 737
d 1 738
d 1 739
d 1 740
d 1 741
d 1 742
d 1 743
d 1 744
d 1 745
d 1 746
d 1 747
d 1 748
d 1 749
d 1 750
d 1 751
d 1 752
d 1 753
d 1 754
d 1 755
d 1 756
d 1 757
d 1 758
d 1 759
d 1 760
d 1 761
d 1 762
d 1 763
d 1 764
d 1 765
d 1 766
d 1 767
d 1 768
d 1 769
d 1 770
d 1 771
d 1 772
d 1 773
d 1 774
d 1 775
d 1 776
d 1 777
d 1 778
d 1 779
d 1 780
d 1 781
d 1 782
d 1 783
d 1 784
d 1 785
d 1 786
d 1 787
d 1 788
d 1 789
d 1 790
d 1 791
d 1 792
d 1 793
d 1 794
d 1 795
d 1 796
d 1 797
d 1 798
d 1 799
d 1 800
d 1 801
d 1 802
d 1 803
d 1 804
d 1 805
d 1 806
d 1 807
d 1 808
d 1 809
d 1 810
d 1 811
d 1 812
d 1 813
d 1 814
d 1 815
d 1 816
d 1 817
d 1 818
d 1 819
d 1 820
d 1 821
d 1 822
d 1 823
d 1 824
d 1 825
d 1 826
d 1 827
d 1 828
d 1 829
d 1 830
d 1 831
d 1 832
d 1 833
d 1 834
d 1 835
d 1 836
d 1 837
d 1 838
d 1 839
d 1 840
d 1 841
d 1 842
d 1 843
d 1 844
d 1 845
d 1 846
d 1 847
d 1 848
d 1 849
d 1 850
d 1 851
d 1 852
d 1 853
d 1 854
d 1 855
d 1 856
d 1 857
d 1 858
d 1 859
d 1 860
d 1 861
d 1 862
d 1 863
d 1 864
d 1 865
d 1 866
d 1 867
d 1 868
d 1 869
d 1 870
d 1 871
d 1 872
d 1 873
d 1 874
d 1 875
d 1 876
d 1 877
d 1 878
d 1 879
d 1 880
d 1 881
d 1 882
d 1 883
d 1 884
d 1 885
d 1 886
d 1 887
d 1 888
d 1 889
d 1 890
d 1 891
d 1 892
d 1 893
d 1 894
d 1 895
d 1 896
d 1 897
d 1 898
d 1 899
d 1 900
d 1 901
d 1 902
d 1 903
d 1 904
d 1 905
d 1 906
d 1 907
d 1 908
d 1 909
d 1 910
d 1 911
d 1 912
d 1 913
d 1 914
d 1 915
d 1 916
d 1 917
d 1 918
d 1 919
d 1 920
d 1 921
d 1 922
d 1 923
d 1 924
d 1 925
d 1 926
d 1 927
d 1 928
d 1 929
d 1 930
d 1 931
d 1 932
d 1 933
d 1 934
d 1 935
d 1 936
d 1 937
d 1 938
d 1 939
d 1 940
d 1 941
d 1 942
d 1 943
d 1 944
d 1 945
d 1 946
d 1 947
d 1 948
d 1 949
d 1 950
d 1 951
d 1 952
d 1 953
d 1 954
d 1 955
d 1 956
d 1 957
d 1 958
d 1 959
d 1 960
d 1 961
d 1 962
d 1 963
d 1 964
d 1 965
d 1 966
d 1 967
d 1 968
d 1 969
d 1 970
d 1 971
d 1 972
d 1 973
d 1 974
d 1 975
d 1 976
d 1 977
d 1 978
d 1 979
d 1 980
d 1 981
d 1 982
d 1 983
d 1 984
d 1 985
d 1 986
d 1 987
d 1 988
d 1 989
d 1 990
d 1 991
d 1 992
d 1 993
d 1 994
d 1 995
d 1 996
d 1 997
d 1 998
d 1 999
d 1 1000
d 1 1001
d 1 1002
d 1 1003
d 1 1004
d 1 1005
d 1 1006
d 1 1007
d 1 1008
d 1 1009
d 1 1010
d 1 1011
d 1 1012
d 1 1013
d 1 1014
d 1 1015
d 1 1016
d 1 1017
d 1 1018
d 1 1019
d 1 1020
d 1 1021
d 1 1022
d 1 1023
d 1 1024
d 1 1025
d 1 1026
d 1 1027
d 1 1028
d 1 1029
d 1 1030
d 1 1031
d 1 1032
d 1 1033
d 1 1034
d 1 1035
d 1 1036
d 1 1037
d 1 1038
d 1 1039
d 1 1040
d 1 1041
d 1 1042
d 1 1043
d 1 1044
d 1 1045
d 1 1046
d 1 1047
d 1 1048
d 1 1049
d 1 1050
d 1 1051
d 1 1052
d 1 1053
d 1 1054
d 1 1055
d 1 1056
d 1 1057
d 1 1058
d 1 1059
d 1 1060
d 1 1061
d 1 1062
d 1 1063
d 1 1064
d 1 1065
d 1 1066
d 1 1067
d 1 1068
d 1 1069
d 1 1070
d 1 1071
d 1 1072
d 1 1073
d 1 1074
d 1 1075
d 1 1076
d 1 1077
d 1 1078
d 1 1079
d 1 1080
d 1 1081
d 1 1082
d 1 1083
d 1 1084
d 1 1085
d 1 1086
d 1 1087
d 1 1088
d 1 1089
d 1 1090
d 1 1091
d 1 1092
d 1 1093
d 1 1094
d 1 1095
d 1 1096
d 1 1097
d 1 1098
d 1 1099
d 1 1100
d 1 1101
d 1 1102
d 1 1103
d 1 1104
d 1 1105
d 1 1106
d 1 1107
d 1 1108
d 1 1109
d 1 1110
d 1 1111
d 1 1112
d 1 1113
d 1 1114
d 1 1115
d 1 1116
d 1 1117
d 1 1118
d 1 1119
d 1 1120
d 1 1121
d 1 1122
d 1 1123
d 1 1124
d 1 1125
d 1 1126
d 1 1127
d 1 1128
d 1 1129
d 1 1130
d 1 1131
d 1 1132
d 1 1133
d 1 1134
d 1 1135
d 1 1136
d 1 1137
d 1 1138
d 1 1139
d 1 1140
d 1 1141
d 1 1142
d 1 1143
d 1 1144
d 1 1145
d 1 1146
d 1 1147
d 1 1148
d 1 1149
d 1 1150
d 1 1151
d 1 1152
d 1 1153
d 1 1154
d 1 1155
d 1 1156
d 1 1157
d 1 1158
d 1 1159
d 1 1160
d 1 1161
d 1 1162
d 1 1163
d 1 1164
d 1 1165
d 1 1166
d 1 1167
d 1 1168
d 1 1169
d 1 1170
d 1 1171
d 1 1172
d 1 1173
d 1 1174
d 1 1175
d 1 1176
d 1 1177
d 1 1178
d 1 1179
d 1 1180
d 1 1181
d 1 1182
d 1 1183
d 1 1184
d 1 1185
d 1 1186
d 1 1187
d 1 1188
d 1 1189
d 1 1190
d 1 1191
d 1 1192
d 1 1193
d 1 1194
d 1 1195
d 1 1196
d 1 1197
d 1 1198
d 1 1199
d 1 1200
d 1 1201
d 1 1202
d 1 1203
d 1 1204
d 1 1205
d 1 1206
d 1 1207
d 1 1208
d 1 1209
d 1 1210
d 1 1211
d 1 1212
d 1 1213
d 1 1214
d 1 1215
d 1 1216
d 1 1217
d 1 1218
d 1 1219
d 1 1220
d 1 1221
d 1 1222
d 1 1223
d 1 1224
d 1 1225
d 1 1226
d 1 1227
d 1 1228
d 1 1229
d 1 1230
d 1 1231
d 1 1232
d 3 121
d 3 122
d 3 123
d 3 124
d 3 125
d 3 126
d 3 127
d 3 128
d 3 129
d 3 130
d 3 131
d 3 132
d 3 133
d 3 134
d 3 135
d 3 136
d 3 137
d 3 138
d 3 139
d 3 140
d 3 141
d 3 142
d 3 143
d 3 144
d 3 145
d 3 146
d 3 147
d 3 148
d 3 149
d 3 150
d 3 151
d 3 152
d 3 153
d 3 154
d 3 155
d 3 156
d 3 157
d 3 158
d 3 159
d 3 160
d 3 161
d 3 162
d 3 163
d 3 164
d 3 165
d 3 166
d 3 167
d 3 168
d 3 169
d 3 170
d 3 171
d 3 172
d 3 173
d 3 174
d 3 175
d 3 176
d 3 177
d 3 178
d 3 179
d 3 180
d 3 181
d 3 182
d 3 183
d 3 184
d 3 185
d 3 186
d 3 187
d 3 188
d 3 189
d 3 190
d 3 191
d 3 192
d 2 2857
d 2 2858
d 2 2859
d 2 2860
d 2 2861
d 2 2862
d 2 2863
d 2 2864
d 2 2865
d 2 2866
d 2 2867
d 2 2868
d 2 2869
d 2 2870
d 2 2871
d 2 2872
d 2 2873
d 2 2874
d 2 2875
d 2 2876
d 2 2877
d 2 2878
d 2 2879
d 2 2880
d 2 2881
d 2 2882
d 2 2883
d 2 2884
d 2 2885
d 2 2886
d 2 2887
d 2 2888
d 2 2889
d 2 2890
d 2 2891
d 2 2892
d 2 2893
d 2 2894
d 2 2895
d 2 2896
d 2 2897
d 2 2898
d 2 2899
d 2 2900
d 2 2901
d 2 2902
d 2 2903
d 2 2904
d 2 2905
d 2 2906
d 2 2907
d 2 2908
d 2 2909
d 2 2910
d 2 2911
d 2 2912
d 2 2913
d 2 2914
d 2 2915
d 2 2916
d 2 2917
d 2 2918
d 2 2919
d 2 2920
d 2 2921
d 2 2922
d 2 2923
d 2 2924
d 2 2925
d 2 2926
d 2 2927
d 2 2928
d 2 2929
d 2 2930
d 2 2931
d 2 2932
d 2 2933
d 2 2934
d 2 2935
d 2 2936
d 2 2937
d 2 2938
d 2 2939
d 2 2940
d 2 2941
d 2 2942
d 2 2943
d 2 2944
d 2 2945
d 2 2946
d 2 2947
d 2 2948
d 2 2949
d 2 2950
d 2 2951
d 2 2952
d 2 2953
d 2 2954
d 2 2955
d 2 2956
d 2 2957
d 2 2958
d 2 2959
d 2 2960
d 2 2961
d 2 2962
d 2 2963
d 2 2964
d 2 2965
d 2 2966
d 2 2967
d 2 2968
d 2 2969
d 2 2970
d 2 2971
d 2 2972
d 2 2973
d 2 2974
d 2 2975
d 2 2976
d 2 2977
d 2 2978
d 2 2979
d 2 2980
d 2 2981
d 2 2982
d 2 2983
d 2 2984
d 2 2985
d 2 2986
d 2 2987
d 2 2988
d 2 2989
d 2 2990
d 2 2991
d 2 2992
d 2 2993
d 2 2994
d 2 2995
d 2 2996
d 2 2997
d 2 2998
d 2 2999
d 2 3000
d 2 3001
d 2 3002
d 2 3003
d 2 3004
d 2 3005
d 2 3006
d 2 3007
d 2 3008
d 2 3009
d 2 3010
d 2 3011
d 2 3012
d 2 3013
d 2 3014
d 2 3015
d 2 3016
d 2 3017
d 2 3018
d 2 3019
d 2 3020
d 2 3021
d 2 3022
d 2 3023
d 2 3024
d 2 3025
d 2 3026
d 2 3027
d 2 3028
d 2 3029
d 2 3030
d 2 3031
d 2 3032
d 2 3033
d 2 3034
d 2 3035
d 2 3036
d 2 3037
d 2 3038
d 2 3039
d 2 3040
d 2 3041
d 2 3042
d 2 3043
d 2 3044
d 2 3045
d 2 3046
d 2 3047
d 2 3048
d 2 3049
d 2 3050
d 2 3051
d 2 3052
d 2 3053
d 2 3054
d 2 3055
d 2 3056
d 2 3057
d 2 3058
d 2 3059
d 2 3060
d 2 3061
d 2 3062
d 2 3063
d 2 3064
d 2 3065
d 2 3066
d 2 3067
d 2 3068
d 2 3069
d 2 3070
d 2 3071
d 2 3072
d 2 3073
d 2 3074
d 2 3075
d 2 3076
d 2 3077
d 2 3078
d 2 3079
d 2 3080
d 2 3081
d 2 3082
d 2 3083
d 2 3084
d 2 3085
d 2 3086
d 2 3087
d 2 3088
d 2 3089
d 2 3090
d 2 3091
d 2 3092
d 2 3093
d 2 3094
d 2 3095
d 2 3096
b 3673
b 3674
b 3675
b 3676
b 3677
b 3678
b 3679
b 3680
b 3681
b 3682
b 3683
b 3684
b 3685
b 3686
b 3687
b 3688
b 3689
b 3690
b 3691
b 3692
b 3693
b 3694
b 3695
b 3696
b 3697
b 3698
b 3699
b 3700
b 3701
b 3702
b 3703
b 3704
b 3705
b 3706
b 3707
b 3708
b 3709
b 3710
b 3711
b 3712
b 3713
b 3714
b 3715
b 3716
b 3717
b 3718
b 3719
b 3720
b 3721
b 3722
b 3723
b 3724
b 3725
b 3726
b 3727
b 3728
b 3729
b 3730
b 3731
b 3732
b 3733
b 3734
b 3735
b 3736
b 3737
b 3738
b 3739
b 3740
b 3741
b 3742
b 3743
b 3744
b 3745
b 3746
b 3747
b 3748
b 3749
b 3750
b 3751
b 3752
b 3753
b 3754
b 3755
b 3756
b 3757
b 3758
b 3759
b 3760
b 3761
b 3762
b 3763
b 3764
b 3765
b 3766
b 3767
b 3768
b 3769
b 3770
b 3771
b 3772
b 3773
b 3774
b 3775
b 3776
b 3777
b 3778
b 3779
b 3780
b 3781
b 3782
b 3783
b 3784
b 3785
b 3786
b 3787
b 3788
b 3789
b 3790
b 3791
b 3792
b 3793
b 3794
b 3795
b 3796
b 3797
b 3798
b 3799
b 3800
b 3801
b 3802
b 3803
b 3804
b 3805
b 3806
b 3807
b 3808
b 3809
b 3810
b 3811
b 3812
b 3813
b 3814
b 3815
b 3816
b 3817
b 3818
b 3819
b 3820
b 3821
b 3822
b 3823
b 3824
b 3825
b 3826
b 3827
b 3828
b 3829
b 3830
b 3831
b 3832
b 3833
b 3834
b 3835
b 3836
b 3837
b 3838
b 3839
b 3840
b 3841
b 3842
b 3843
b 3844
b 3845
b 3846
b 3847
b 3848
b 3849
b 3850
b 3851
b 3852
b 3853
b 3854
b 3855
b 3856
b 3857
b 3858
b 3859
b 3860
b 3861
b 3862
b 3863
b 3864
b 3865
b 3866
b 3867
b 3868
b 3869
b 3870
b 3871
b 3872
b 3873
b 3874
b 3875
b 3876
b 3877
b 3878
b 3879
b 3880
b 3881
b 3882
b 3883
b 3884
b 3885
b 3886
b 3887
b 3888
b 3889
b 3890
b 3891
b 3892
b 3893
b 3894
b 3895
b 3896
b 3897
b 3898
b 3899
b 3900
b 3901
b 3902
b 3903
b 3904
b 3905
b 3906
b 3907
b 3908
b 3909
b 3910
b 3911
b 3912
d 2 3097
d 2 3098
d 2 3099
d 2 3100
d 2 3101
d 2 3102
d 2 3103
d 2 3104
b 3913
b 3914
b 3915
b 3916
b 3917
b 3918
b 3919
b 3920
